{"timestamp":"2026-04-10T12:42:01.376421Z","level":"warning","event":"The `airflow.hooks.base.BaseHook` attribute is deprecated. Please use `'airflow.sdk.bases.hook.BaseHook'`.","category":"DeprecatedImportWarning","filename":"/opt/airflow/plugins/hooks/minio_hook.py","lineno":1,"logger":"py.warnings"}
{"timestamp":"2026-04-10T12:42:01.458813Z","level":"warning","event":"The `airflow.hooks.base.BaseHook` attribute is deprecated. Please use `'airflow.sdk.bases.hook.BaseHook'`.","category":"DeprecatedImportWarning","filename":"/opt/airflow/plugins/hooks/minio_hook.py","lineno":1,"logger":"py.warnings"}
{"timestamp":"2026-04-10T12:42:01.462038Z","level":"info","event":"DAG bundles loaded: dags-folder","logger":"airflow.dag_processing.bundles.manager.DagBundlesManager","filename":"manager.py","lineno":209}
{"timestamp":"2026-04-10T12:42:01.462413Z","level":"info","event":"Filling up the DagBag from /opt/airflow/dags/read_rss.py","logger":"airflow.dag_processing.dagbag.BundleDagBag","filename":"dagbag.py","lineno":469}
{"timestamp":"2026-04-10T12:42:01.465801Z","level":"warning","event":"The `airflow.operators.python.PythonOperator` attribute is deprecated. Please use `'airflow.providers.standard.operators.python.PythonOperator'`.","category":"UserWarning","filename":"/opt/airflow/dags/read_rss.py","lineno":3,"logger":"py.warnings"}
{"timestamp":"2026-04-10T12:42:01.470083Z","level":"info","event":"<BrokerConnection client_id=kafka-python-2.3.1, node_id=bootstrap-0 host=kafka:29092 <connecting> [IPv4 ('172.18.0.5', 29092)]>: connecting to kafka:29092 [('172.18.0.5', 29092) IPv4]","logger":"kafka.conn","filename":"conn.py","lineno":400}
{"timestamp":"2026-04-10T12:42:01.472912Z","level":"info","event":"<BrokerConnection client_id=kafka-python-2.3.1, node_id=bootstrap-0 host=kafka:29092 <checking_api_versions_recv> [IPv4 ('172.18.0.5', 29092)]>: Broker version identified as 2.6","logger":"kafka.conn","filename":"conn.py","lineno":622}
{"timestamp":"2026-04-10T12:42:01.473193Z","level":"info","event":"<BrokerConnection client_id=kafka-python-2.3.1, node_id=bootstrap-0 host=kafka:29092 <connected> [IPv4 ('172.18.0.5', 29092)]>: Connection complete.","logger":"kafka.conn","filename":"conn.py","lineno":461}
{"timestamp":"2026-04-10T12:42:01.473477Z","level":"info","event":"Updating subscribed topics to: ('articles',)","logger":"kafka.consumer.subscription_state","filename":"subscription_state.py","lineno":181}
{"timestamp":"2026-04-10T12:42:01.474950Z","level":"info","event":"<BrokerConnection client_id=kafka-python-2.3.1, node_id=1 host=kafka:29092 <connecting> [IPv4 ('172.18.0.5', 29092)]>: connecting to kafka:29092 [('172.18.0.5', 29092) IPv4]","logger":"kafka.conn","filename":"conn.py","lineno":400}
{"timestamp":"2026-04-10T12:42:01.475132Z","level":"info","event":"<BrokerConnection client_id=kafka-python-2.3.1, node_id=1 host=kafka:29092 <connected> [IPv4 ('172.18.0.5', 29092)]>: Connection complete.","logger":"kafka.conn","filename":"conn.py","lineno":461}
{"timestamp":"2026-04-10T12:42:01.475183Z","level":"info","event":"<BrokerConnection client_id=kafka-python-2.3.1, node_id=bootstrap-0 host=kafka:29092 <connected> [IPv4 ('172.18.0.5', 29092)]>: Closing connection. ","logger":"kafka.conn","filename":"conn.py","lineno":951}
{"timestamp":"2026-04-10T12:42:01.579049Z","level":"info","event":"Coordinator for group/airflow-rss-consumer is BrokerMetadata(nodeId='coordinator-1', host='kafka', port=29092, rack=None)","logger":"kafka.cluster","filename":"cluster.py","lineno":403}
{"timestamp":"2026-04-10T12:42:01.579171Z","level":"info","event":"Discovered coordinator coordinator-1 for group airflow-rss-consumer","logger":"kafka.coordinator","filename":"base.py","lineno":835}
{"timestamp":"2026-04-10T12:42:01.579256Z","level":"info","event":"Starting new heartbeat thread","logger":"kafka.coordinator.heartbeat","filename":"base.py","lineno":895}
{"timestamp":"2026-04-10T12:42:01.579687Z","level":"info","event":"Revoking previously assigned partitions set() for group airflow-rss-consumer","logger":"kafka.coordinator.consumer","filename":"consumer.py","lineno":379}
{"timestamp":"2026-04-10T12:42:01.579759Z","level":"info","event":"Failed to join group airflow-rss-consumer: NodeNotReadyError: coordinator-1","logger":"kafka.coordinator","filename":"base.py","lineno":433}
{"timestamp":"2026-04-10T12:42:01.580226Z","level":"info","event":"<BrokerConnection client_id=kafka-python-2.3.1, node_id=coordinator-1 host=kafka:29092 <connecting> [IPv4 ('172.18.0.5', 29092)]>: connecting to kafka:29092 [('172.18.0.5', 29092) IPv4]","logger":"kafka.conn","filename":"conn.py","lineno":400}
{"timestamp":"2026-04-10T12:42:01.580400Z","level":"info","event":"<BrokerConnection client_id=kafka-python-2.3.1, node_id=coordinator-1 host=kafka:29092 <connected> [IPv4 ('172.18.0.5', 29092)]>: Connection complete.","logger":"kafka.conn","filename":"conn.py","lineno":461}
{"timestamp":"2026-04-10T12:42:01.681746Z","level":"info","event":"(Re-)joining group airflow-rss-consumer","logger":"kafka.coordinator","filename":"base.py","lineno":546}
{"timestamp":"2026-04-10T12:42:01.683263Z","level":"info","event":"Received member id kafka-python-2.3.1-9fc7e071-ae70-40c6-8476-712d46e56eaa for group airflow-rss-consumer; will retry join-group","logger":"kafka.coordinator","filename":"base.py","lineno":661}
{"timestamp":"2026-04-10T12:42:01.683335Z","level":"info","event":"Failed to join group airflow-rss-consumer: [Error 79] MemberIdRequiredError","logger":"kafka.coordinator","filename":"base.py","lineno":433}
{"timestamp":"2026-04-10T12:42:01.683397Z","level":"info","event":"(Re-)joining group airflow-rss-consumer","logger":"kafka.coordinator","filename":"base.py","lineno":546}
{"timestamp":"2026-04-10T12:42:05.155140Z","level":"info","event":"Successfully joined group airflow-rss-consumer <Generation 18 (member_id: kafka-python-2.3.1-9fc7e071-ae70-40c6-8476-712d46e56eaa, protocol: range)>","logger":"kafka.coordinator","filename":"base.py","lineno":617}
{"timestamp":"2026-04-10T12:42:05.157502Z","level":"info","event":"Updated partition assignment: []","logger":"kafka.consumer.subscription_state","filename":"subscription_state.py","lineno":254}
{"timestamp":"2026-04-10T12:42:05.157786Z","level":"info","event":"Setting newly assigned partitions set() for group airflow-rss-consumer","logger":"kafka.coordinator.consumer","filename":"consumer.py","lineno":260}
{"timestamp":"2026-04-10T12:44:05.283469Z","level":"warning","event":"Heartbeat failed for group airflow-rss-consumer because it is rebalancing","logger":"kafka.coordinator.heartbeat","filename":"base.py","lineno":1025}
{"timestamp":"2026-04-10T12:44:05.285128Z","level":"info","event":"Revoking previously assigned partitions set() for group airflow-rss-consumer","logger":"kafka.coordinator.consumer","filename":"consumer.py","lineno":379}
{"timestamp":"2026-04-10T12:44:05.285439Z","level":"info","event":"(Re-)joining group airflow-rss-consumer","logger":"kafka.coordinator","filename":"base.py","lineno":546}
{"timestamp":"2026-04-10T12:44:05.300805Z","level":"info","event":"Successfully joined group airflow-rss-consumer <Generation 19 (member_id: kafka-python-2.3.1-9fc7e071-ae70-40c6-8476-712d46e56eaa, protocol: range)>","logger":"kafka.coordinator","filename":"base.py","lineno":617}
{"timestamp":"2026-04-10T12:44:05.305016Z","level":"info","event":"Updated partition assignment: []","logger":"kafka.consumer.subscription_state","filename":"subscription_state.py","lineno":254}
{"timestamp":"2026-04-10T12:44:05.305120Z","level":"info","event":"Setting newly assigned partitions set() for group airflow-rss-consumer","logger":"kafka.coordinator.consumer","filename":"consumer.py","lineno":260}
{"timestamp":"2026-04-10T12:46:55.385409Z","level":"warning","event":"Heartbeat failed for group airflow-rss-consumer because it is rebalancing","logger":"kafka.coordinator.heartbeat","filename":"base.py","lineno":1025}
{"timestamp":"2026-04-10T12:46:55.387524Z","level":"info","event":"Revoking previously assigned partitions set() for group airflow-rss-consumer","logger":"kafka.coordinator.consumer","filename":"consumer.py","lineno":379}
{"timestamp":"2026-04-10T12:46:55.387942Z","level":"info","event":"(Re-)joining group airflow-rss-consumer","logger":"kafka.coordinator","filename":"base.py","lineno":546}
{"timestamp":"2026-04-10T12:46:55.414752Z","level":"info","event":"Successfully joined group airflow-rss-consumer <Generation 20 (member_id: kafka-python-2.3.1-9fc7e071-ae70-40c6-8476-712d46e56eaa, protocol: range)>","logger":"kafka.coordinator","filename":"base.py","lineno":617}
{"timestamp":"2026-04-10T12:46:55.422303Z","level":"info","event":"Updated partition assignment: []","logger":"kafka.consumer.subscription_state","filename":"subscription_state.py","lineno":254}
{"timestamp":"2026-04-10T12:46:55.422513Z","level":"info","event":"Setting newly assigned partitions set() for group airflow-rss-consumer","logger":"kafka.coordinator.consumer","filename":"consumer.py","lineno":260}
{"timestamp":"2026-04-10T12:47:05.435406Z","level":"warning","event":"Heartbeat failed for group airflow-rss-consumer because it is rebalancing","logger":"kafka.coordinator.heartbeat","filename":"base.py","lineno":1025}
{"timestamp":"2026-04-10T12:47:05.435527Z","level":"info","event":"Revoking previously assigned partitions set() for group airflow-rss-consumer","logger":"kafka.coordinator.consumer","filename":"consumer.py","lineno":379}
{"timestamp":"2026-04-10T12:47:05.435582Z","level":"info","event":"(Re-)joining group airflow-rss-consumer","logger":"kafka.coordinator","filename":"base.py","lineno":546}
{"timestamp":"2026-04-10T12:47:05.436585Z","level":"info","event":"Successfully joined group airflow-rss-consumer <Generation 21 (member_id: kafka-python-2.3.1-9fc7e071-ae70-40c6-8476-712d46e56eaa, protocol: range)>","logger":"kafka.coordinator","filename":"base.py","lineno":617}
{"timestamp":"2026-04-10T12:47:05.438436Z","level":"info","event":"Updated partition assignment: []","logger":"kafka.consumer.subscription_state","filename":"subscription_state.py","lineno":254}
{"timestamp":"2026-04-10T12:47:05.438511Z","level":"info","event":"Setting newly assigned partitions set() for group airflow-rss-consumer","logger":"kafka.coordinator.consumer","filename":"consumer.py","lineno":260}
{"timestamp":"2026-04-10T12:48:05.469991Z","level":"warning","event":"Heartbeat failed for group airflow-rss-consumer because it is rebalancing","logger":"kafka.coordinator.heartbeat","filename":"base.py","lineno":1025}
{"timestamp":"2026-04-10T12:48:05.470554Z","level":"info","event":"Revoking previously assigned partitions set() for group airflow-rss-consumer","logger":"kafka.coordinator.consumer","filename":"consumer.py","lineno":379}
{"timestamp":"2026-04-10T12:48:05.470658Z","level":"info","event":"(Re-)joining group airflow-rss-consumer","logger":"kafka.coordinator","filename":"base.py","lineno":546}
{"timestamp":"2026-04-10T12:48:05.692226Z","level":"info","event":"Successfully joined group airflow-rss-consumer <Generation 22 (member_id: kafka-python-2.3.1-9fc7e071-ae70-40c6-8476-712d46e56eaa, protocol: range)>","logger":"kafka.coordinator","filename":"base.py","lineno":617}
{"timestamp":"2026-04-10T12:48:05.693826Z","level":"info","event":"Updated partition assignment: []","logger":"kafka.consumer.subscription_state","filename":"subscription_state.py","lineno":254}
{"timestamp":"2026-04-10T12:48:05.693901Z","level":"info","event":"Setting newly assigned partitions set() for group airflow-rss-consumer","logger":"kafka.coordinator.consumer","filename":"consumer.py","lineno":260}
{"timestamp":"2026-04-10T12:49:05.760597Z","level":"warning","event":"Heartbeat failed for group airflow-rss-consumer because it is rebalancing","logger":"kafka.coordinator.heartbeat","filename":"base.py","lineno":1025}
{"timestamp":"2026-04-10T12:49:05.761798Z","level":"info","event":"Revoking previously assigned partitions set() for group airflow-rss-consumer","logger":"kafka.coordinator.consumer","filename":"consumer.py","lineno":379}
{"timestamp":"2026-04-10T12:49:05.762073Z","level":"info","event":"(Re-)joining group airflow-rss-consumer","logger":"kafka.coordinator","filename":"base.py","lineno":546}
{"timestamp":"2026-04-10T12:49:05.896865Z","level":"info","event":"Successfully joined group airflow-rss-consumer <Generation 23 (member_id: kafka-python-2.3.1-9fc7e071-ae70-40c6-8476-712d46e56eaa, protocol: range)>","logger":"kafka.coordinator","filename":"base.py","lineno":617}
{"timestamp":"2026-04-10T12:49:05.899283Z","level":"info","event":"Updated partition assignment: []","logger":"kafka.consumer.subscription_state","filename":"subscription_state.py","lineno":254}
{"timestamp":"2026-04-10T12:49:05.899479Z","level":"info","event":"Setting newly assigned partitions set() for group airflow-rss-consumer","logger":"kafka.coordinator.consumer","filename":"consumer.py","lineno":260}
