{"timestamp":"2026-04-10T10:52:36.505671Z","level":"info","event":"DAG bundles loaded: dags-folder","logger":"airflow.dag_processing.bundles.manager.DagBundlesManager","filename":"manager.py","lineno":209}
{"timestamp":"2026-04-10T10:52:36.506129Z","level":"info","event":"Filling up the DagBag from /opt/airflow/dags/read_rss.py","logger":"airflow.dag_processing.dagbag.BundleDagBag","filename":"dagbag.py","lineno":469}
{"timestamp":"2026-04-10T10:52:36.509739Z","level":"warning","event":"The `airflow.operators.python.PythonOperator` attribute is deprecated. Please use `'airflow.providers.standard.operators.python.PythonOperator'`.","category":"UserWarning","filename":"/opt/airflow/dags/read_rss.py","lineno":3,"logger":"py.warnings"}
{"timestamp":"2026-04-10T10:52:36.512853Z","level":"info","event":"<BrokerConnection client_id=kafka-python-2.3.1, node_id=bootstrap-0 host=kafka:29092 <connecting> [IPv4 ('172.18.0.5', 29092)]>: connecting to kafka:29092 [('172.18.0.5', 29092) IPv4]","logger":"kafka.conn","filename":"conn.py","lineno":400}
{"timestamp":"2026-04-10T10:52:36.516328Z","level":"info","event":"<BrokerConnection client_id=kafka-python-2.3.1, node_id=bootstrap-0 host=kafka:29092 <checking_api_versions_recv> [IPv4 ('172.18.0.5', 29092)]>: Broker version identified as 2.6","logger":"kafka.conn","filename":"conn.py","lineno":622}
{"timestamp":"2026-04-10T10:52:36.516535Z","level":"info","event":"<BrokerConnection client_id=kafka-python-2.3.1, node_id=bootstrap-0 host=kafka:29092 <connected> [IPv4 ('172.18.0.5', 29092)]>: Connection complete.","logger":"kafka.conn","filename":"conn.py","lineno":461}
{"timestamp":"2026-04-10T10:52:36.516784Z","level":"info","event":"Updating subscribed topics to: ('articles',)","logger":"kafka.consumer.subscription_state","filename":"subscription_state.py","lineno":181}
{"timestamp":"2026-04-10T10:52:36.518058Z","level":"info","event":"<BrokerConnection client_id=kafka-python-2.3.1, node_id=1 host=kafka:29092 <connecting> [IPv4 ('172.18.0.5', 29092)]>: connecting to kafka:29092 [('172.18.0.5', 29092) IPv4]","logger":"kafka.conn","filename":"conn.py","lineno":400}
{"timestamp":"2026-04-10T10:52:36.518343Z","level":"info","event":"<BrokerConnection client_id=kafka-python-2.3.1, node_id=1 host=kafka:29092 <connected> [IPv4 ('172.18.0.5', 29092)]>: Connection complete.","logger":"kafka.conn","filename":"conn.py","lineno":461}
{"timestamp":"2026-04-10T10:52:36.518523Z","level":"info","event":"<BrokerConnection client_id=kafka-python-2.3.1, node_id=bootstrap-0 host=kafka:29092 <connected> [IPv4 ('172.18.0.5', 29092)]>: Closing connection. ","logger":"kafka.conn","filename":"conn.py","lineno":951}
{"timestamp":"2026-04-10T10:52:36.841251Z","level":"info","event":"Coordinator for group/airflow-rss-consumer is BrokerMetadata(nodeId='coordinator-1', host='kafka', port=29092, rack=None)","logger":"kafka.cluster","filename":"cluster.py","lineno":403}
{"timestamp":"2026-04-10T10:52:36.841389Z","level":"info","event":"Discovered coordinator coordinator-1 for group airflow-rss-consumer","logger":"kafka.coordinator","filename":"base.py","lineno":835}
{"timestamp":"2026-04-10T10:52:36.841476Z","level":"info","event":"Starting new heartbeat thread","logger":"kafka.coordinator.heartbeat","filename":"base.py","lineno":895}
{"timestamp":"2026-04-10T10:52:36.841920Z","level":"info","event":"Revoking previously assigned partitions set() for group airflow-rss-consumer","logger":"kafka.coordinator.consumer","filename":"consumer.py","lineno":379}
{"timestamp":"2026-04-10T10:52:36.841993Z","level":"info","event":"Failed to join group airflow-rss-consumer: NodeNotReadyError: coordinator-1","logger":"kafka.coordinator","filename":"base.py","lineno":433}
{"timestamp":"2026-04-10T10:52:36.842364Z","level":"info","event":"<BrokerConnection client_id=kafka-python-2.3.1, node_id=coordinator-1 host=kafka:29092 <connecting> [IPv4 ('172.18.0.5', 29092)]>: connecting to kafka:29092 [('172.18.0.5', 29092) IPv4]","logger":"kafka.conn","filename":"conn.py","lineno":400}
{"timestamp":"2026-04-10T10:52:36.842562Z","level":"info","event":"<BrokerConnection client_id=kafka-python-2.3.1, node_id=coordinator-1 host=kafka:29092 <connected> [IPv4 ('172.18.0.5', 29092)]>: Connection complete.","logger":"kafka.conn","filename":"conn.py","lineno":461}
{"timestamp":"2026-04-10T10:52:36.945820Z","level":"info","event":"(Re-)joining group airflow-rss-consumer","logger":"kafka.coordinator","filename":"base.py","lineno":546}
{"timestamp":"2026-04-10T10:52:36.955280Z","level":"info","event":"Received member id kafka-python-2.3.1-3a6c76cd-c22d-433a-a0bf-28bd7310754c for group airflow-rss-consumer; will retry join-group","logger":"kafka.coordinator","filename":"base.py","lineno":661}
{"timestamp":"2026-04-10T10:52:36.955377Z","level":"info","event":"Failed to join group airflow-rss-consumer: [Error 79] MemberIdRequiredError","logger":"kafka.coordinator","filename":"base.py","lineno":433}
{"timestamp":"2026-04-10T10:52:36.955460Z","level":"info","event":"(Re-)joining group airflow-rss-consumer","logger":"kafka.coordinator","filename":"base.py","lineno":546}
{"timestamp":"2026-04-10T10:52:42.996130Z","level":"info","event":"Successfully joined group airflow-rss-consumer <Generation 1 (member_id: kafka-python-2.3.1-3a6c76cd-c22d-433a-a0bf-28bd7310754c, protocol: range)>","logger":"kafka.coordinator","filename":"base.py","lineno":617}
{"timestamp":"2026-04-10T10:52:42.997414Z","level":"info","event":"Elected group leader -- performing partition assignments using range","logger":"kafka.coordinator","filename":"base.py","lineno":619}
{"timestamp":"2026-04-10T10:52:43.013005Z","level":"info","event":"Updated partition assignment: [TopicPartition(topic='articles', partition=0)]","logger":"kafka.consumer.subscription_state","filename":"subscription_state.py","lineno":254}
{"timestamp":"2026-04-10T10:52:43.013174Z","level":"info","event":"Setting newly assigned partitions {TopicPartition(topic='articles', partition=0)} for group airflow-rss-consumer","logger":"kafka.coordinator.consumer","filename":"consumer.py","lineno":260}
{"timestamp":"2026-04-10T10:52:43.018886Z","level":"info","event":"Resetting offset for partition TopicPartition(topic='articles', partition=0) to offset 0.","logger":"kafka.consumer.fetcher","filename":"fetcher.py","lineno":419}
{"timestamp":"2026-04-10T10:52:43.021239Z","level":"info","event":"Article reçu: Shake let music fly issue name.","logger":"airflow.task.operators.operators.rss_consumer.RSSArticleConsumerOperator","filename":"rss_consumer.py","lineno":36}
{"timestamp":"2026-04-10T10:52:43.021318Z","level":"info","event":"Article reçu: Partner travel result east section heart finally over.","logger":"airflow.task.operators.operators.rss_consumer.RSSArticleConsumerOperator","filename":"rss_consumer.py","lineno":36}
{"timestamp":"2026-04-10T10:52:43.021344Z","level":"info","event":"Article reçu: Drive seem walk peace cultural hold likely window.","logger":"airflow.task.operators.operators.rss_consumer.RSSArticleConsumerOperator","filename":"rss_consumer.py","lineno":36}
{"timestamp":"2026-04-10T10:52:43.021362Z","level":"info","event":"Article reçu: Size we red along drive with.","logger":"airflow.task.operators.operators.rss_consumer.RSSArticleConsumerOperator","filename":"rss_consumer.py","lineno":36}
{"timestamp":"2026-04-10T10:52:43.021378Z","level":"info","event":"Article reçu: As put interview energy more wind nice impact.","logger":"airflow.task.operators.operators.rss_consumer.RSSArticleConsumerOperator","filename":"rss_consumer.py","lineno":36}
{"timestamp":"2026-04-10T10:52:43.021394Z","level":"info","event":"Article reçu: Capital consider cost while mother memory blood admit.","logger":"airflow.task.operators.operators.rss_consumer.RSSArticleConsumerOperator","filename":"rss_consumer.py","lineno":36}
{"timestamp":"2026-04-10T10:52:43.021409Z","level":"info","event":"Article reçu: Plan store none people but organization usually.","logger":"airflow.task.operators.operators.rss_consumer.RSSArticleConsumerOperator","filename":"rss_consumer.py","lineno":36}
{"timestamp":"2026-04-10T10:52:43.021424Z","level":"info","event":"Article reçu: Example tonight approach mission I before admit company.","logger":"airflow.task.operators.operators.rss_consumer.RSSArticleConsumerOperator","filename":"rss_consumer.py","lineno":36}
{"timestamp":"2026-04-10T10:52:43.021439Z","level":"info","event":"Article reçu: Instead hit able choice hope some deep need second.","logger":"airflow.task.operators.operators.rss_consumer.RSSArticleConsumerOperator","filename":"rss_consumer.py","lineno":36}
{"timestamp":"2026-04-10T10:52:43.021456Z","level":"info","event":"Article reçu: Knowledge choice event fine soon wide.","logger":"airflow.task.operators.operators.rss_consumer.RSSArticleConsumerOperator","filename":"rss_consumer.py","lineno":36}
{"timestamp":"2026-04-10T10:52:43.021982Z","level":"info","event":"Article reçu: Him certain unit kid maintain south day.","logger":"airflow.task.operators.operators.rss_consumer.RSSArticleConsumerOperator","filename":"rss_consumer.py","lineno":36}
{"timestamp":"2026-04-10T10:52:43.022011Z","level":"info","event":"Article reçu: Itself democratic seven practice reach.","logger":"airflow.task.operators.operators.rss_consumer.RSSArticleConsumerOperator","filename":"rss_consumer.py","lineno":36}
{"timestamp":"2026-04-10T10:52:43.022029Z","level":"info","event":"Article reçu: Live consumer analysis clear she page so page sound recent.","logger":"airflow.task.operators.operators.rss_consumer.RSSArticleConsumerOperator","filename":"rss_consumer.py","lineno":36}
{"timestamp":"2026-04-10T10:52:43.022044Z","level":"info","event":"Article reçu: Some help resource national.","logger":"airflow.task.operators.operators.rss_consumer.RSSArticleConsumerOperator","filename":"rss_consumer.py","lineno":36}
{"timestamp":"2026-04-10T10:52:43.022059Z","level":"info","event":"Article reçu: Dark necessary environmental commercial dinner place family four.","logger":"airflow.task.operators.operators.rss_consumer.RSSArticleConsumerOperator","filename":"rss_consumer.py","lineno":36}
{"timestamp":"2026-04-10T10:53:04.226568Z","level":"warning","event":"Heartbeat failed for group airflow-rss-consumer because it is rebalancing","logger":"kafka.coordinator.heartbeat","filename":"base.py","lineno":1025}
{"timestamp":"2026-04-10T10:53:04.228159Z","level":"info","event":"Revoking previously assigned partitions {TopicPartition(topic='articles', partition=0)} for group airflow-rss-consumer","logger":"kafka.coordinator.consumer","filename":"consumer.py","lineno":379}
{"timestamp":"2026-04-10T10:53:04.228272Z","level":"info","event":"(Re-)joining group airflow-rss-consumer","logger":"kafka.coordinator","filename":"base.py","lineno":546}
{"timestamp":"2026-04-10T10:53:04.230058Z","level":"info","event":"Successfully joined group airflow-rss-consumer <Generation 2 (member_id: kafka-python-2.3.1-3a6c76cd-c22d-433a-a0bf-28bd7310754c, protocol: range)>","logger":"kafka.coordinator","filename":"base.py","lineno":617}
{"timestamp":"2026-04-10T10:53:04.230144Z","level":"info","event":"Elected group leader -- performing partition assignments using range","logger":"kafka.coordinator","filename":"base.py","lineno":619}
{"timestamp":"2026-04-10T10:53:04.234357Z","level":"info","event":"Updated partition assignment: [TopicPartition(topic='articles', partition=0)]","logger":"kafka.consumer.subscription_state","filename":"subscription_state.py","lineno":254}
{"timestamp":"2026-04-10T10:53:04.234427Z","level":"info","event":"Setting newly assigned partitions {TopicPartition(topic='articles', partition=0)} for group airflow-rss-consumer","logger":"kafka.coordinator.consumer","filename":"consumer.py","lineno":260}
{"timestamp":"2026-04-10T10:54:00.902809Z","level":"info","event":"Article reçu: Certainly unit draw own man huge.","logger":"airflow.task.operators.operators.rss_consumer.RSSArticleConsumerOperator","filename":"rss_consumer.py","lineno":36}
{"timestamp":"2026-04-10T10:54:00.903352Z","level":"info","event":"Article reçu: Paper feel between action window small sea conference.","logger":"airflow.task.operators.operators.rss_consumer.RSSArticleConsumerOperator","filename":"rss_consumer.py","lineno":36}
{"timestamp":"2026-04-10T10:54:00.903406Z","level":"info","event":"Article reçu: Successful level tough could few.","logger":"airflow.task.operators.operators.rss_consumer.RSSArticleConsumerOperator","filename":"rss_consumer.py","lineno":36}
{"timestamp":"2026-04-10T10:54:00.903442Z","level":"info","event":"Article reçu: Realize that create because lay.","logger":"airflow.task.operators.operators.rss_consumer.RSSArticleConsumerOperator","filename":"rss_consumer.py","lineno":36}
{"timestamp":"2026-04-10T10:54:00.903475Z","level":"info","event":"Article reçu: Official effort focus would.","logger":"airflow.task.operators.operators.rss_consumer.RSSArticleConsumerOperator","filename":"rss_consumer.py","lineno":36}
{"timestamp":"2026-04-10T10:54:02.249359Z","level":"warning","event":"Heartbeat failed for group airflow-rss-consumer because it is rebalancing","logger":"kafka.coordinator.heartbeat","filename":"base.py","lineno":1025}
{"timestamp":"2026-04-10T10:54:02.254025Z","level":"info","event":"Revoking previously assigned partitions {TopicPartition(topic='articles', partition=0)} for group airflow-rss-consumer","logger":"kafka.coordinator.consumer","filename":"consumer.py","lineno":379}
{"timestamp":"2026-04-10T10:54:02.254524Z","level":"info","event":"(Re-)joining group airflow-rss-consumer","logger":"kafka.coordinator","filename":"base.py","lineno":546}
{"timestamp":"2026-04-10T10:54:02.263708Z","level":"info","event":"Successfully joined group airflow-rss-consumer <Generation 3 (member_id: kafka-python-2.3.1-3a6c76cd-c22d-433a-a0bf-28bd7310754c, protocol: range)>","logger":"kafka.coordinator","filename":"base.py","lineno":617}
{"timestamp":"2026-04-10T10:54:02.263862Z","level":"info","event":"Elected group leader -- performing partition assignments using range","logger":"kafka.coordinator","filename":"base.py","lineno":619}
{"timestamp":"2026-04-10T10:54:02.269088Z","level":"info","event":"Updated partition assignment: []","logger":"kafka.consumer.subscription_state","filename":"subscription_state.py","lineno":254}
{"timestamp":"2026-04-10T10:54:02.269237Z","level":"info","event":"Setting newly assigned partitions set() for group airflow-rss-consumer","logger":"kafka.coordinator.consumer","filename":"consumer.py","lineno":260}
{"timestamp":"2026-04-10T10:55:02.538517Z","level":"warning","event":"Heartbeat failed for group airflow-rss-consumer because it is rebalancing","logger":"kafka.coordinator.heartbeat","filename":"base.py","lineno":1025}
{"timestamp":"2026-04-10T10:55:02.539174Z","level":"info","event":"Revoking previously assigned partitions set() for group airflow-rss-consumer","logger":"kafka.coordinator.consumer","filename":"consumer.py","lineno":379}
{"timestamp":"2026-04-10T10:55:02.539279Z","level":"info","event":"(Re-)joining group airflow-rss-consumer","logger":"kafka.coordinator","filename":"base.py","lineno":546}
{"timestamp":"2026-04-10T10:55:03.071878Z","level":"info","event":"Successfully joined group airflow-rss-consumer <Generation 4 (member_id: kafka-python-2.3.1-3a6c76cd-c22d-433a-a0bf-28bd7310754c, protocol: range)>","logger":"kafka.coordinator","filename":"base.py","lineno":617}
{"timestamp":"2026-04-10T10:55:03.072059Z","level":"info","event":"Elected group leader -- performing partition assignments using range","logger":"kafka.coordinator","filename":"base.py","lineno":619}
{"timestamp":"2026-04-10T10:55:03.077429Z","level":"info","event":"Updated partition assignment: []","logger":"kafka.consumer.subscription_state","filename":"subscription_state.py","lineno":254}
{"timestamp":"2026-04-10T10:55:03.077708Z","level":"info","event":"Setting newly assigned partitions set() for group airflow-rss-consumer","logger":"kafka.coordinator.consumer","filename":"consumer.py","lineno":260}
{"timestamp":"2026-04-10T10:56:03.305512Z","level":"warning","event":"Heartbeat failed for group airflow-rss-consumer because it is rebalancing","logger":"kafka.coordinator.heartbeat","filename":"base.py","lineno":1025}
{"timestamp":"2026-04-10T10:56:03.306150Z","level":"info","event":"Revoking previously assigned partitions set() for group airflow-rss-consumer","logger":"kafka.coordinator.consumer","filename":"consumer.py","lineno":379}
{"timestamp":"2026-04-10T10:56:03.306275Z","level":"info","event":"(Re-)joining group airflow-rss-consumer","logger":"kafka.coordinator","filename":"base.py","lineno":546}
{"timestamp":"2026-04-10T10:56:04.138366Z","level":"info","event":"Successfully joined group airflow-rss-consumer <Generation 5 (member_id: kafka-python-2.3.1-3a6c76cd-c22d-433a-a0bf-28bd7310754c, protocol: range)>","logger":"kafka.coordinator","filename":"base.py","lineno":617}
{"timestamp":"2026-04-10T10:56:04.138822Z","level":"info","event":"Elected group leader -- performing partition assignments using range","logger":"kafka.coordinator","filename":"base.py","lineno":619}
{"timestamp":"2026-04-10T10:56:04.144076Z","level":"info","event":"Updated partition assignment: []","logger":"kafka.consumer.subscription_state","filename":"subscription_state.py","lineno":254}
{"timestamp":"2026-04-10T10:56:04.144233Z","level":"info","event":"Setting newly assigned partitions set() for group airflow-rss-consumer","logger":"kafka.coordinator.consumer","filename":"consumer.py","lineno":260}
{"timestamp":"2026-04-10T10:57:01.355557Z","level":"warning","event":"Heartbeat failed for group airflow-rss-consumer because it is rebalancing","logger":"kafka.coordinator.heartbeat","filename":"base.py","lineno":1025}
{"timestamp":"2026-04-10T10:57:01.357527Z","level":"info","event":"Revoking previously assigned partitions set() for group airflow-rss-consumer","logger":"kafka.coordinator.consumer","filename":"consumer.py","lineno":379}
{"timestamp":"2026-04-10T10:57:01.357883Z","level":"info","event":"(Re-)joining group airflow-rss-consumer","logger":"kafka.coordinator","filename":"base.py","lineno":546}
{"timestamp":"2026-04-10T10:57:02.098457Z","level":"info","event":"Successfully joined group airflow-rss-consumer <Generation 6 (member_id: kafka-python-2.3.1-3a6c76cd-c22d-433a-a0bf-28bd7310754c, protocol: range)>","logger":"kafka.coordinator","filename":"base.py","lineno":617}
{"timestamp":"2026-04-10T10:57:02.098605Z","level":"info","event":"Elected group leader -- performing partition assignments using range","logger":"kafka.coordinator","filename":"base.py","lineno":619}
{"timestamp":"2026-04-10T10:57:02.104370Z","level":"info","event":"Updated partition assignment: []","logger":"kafka.consumer.subscription_state","filename":"subscription_state.py","lineno":254}
{"timestamp":"2026-04-10T10:57:02.104765Z","level":"info","event":"Setting newly assigned partitions set() for group airflow-rss-consumer","logger":"kafka.coordinator.consumer","filename":"consumer.py","lineno":260}
