{"timestamp":"2026-04-10T12:38:15.006763Z","level":"warning","event":"The `airflow.hooks.base.BaseHook` attribute is deprecated. Please use `'airflow.sdk.bases.hook.BaseHook'`.","category":"DeprecatedImportWarning","filename":"/opt/airflow/plugins/hooks/minio_hook.py","lineno":1,"logger":"py.warnings"}
{"timestamp":"2026-04-10T12:38:15.079100Z","level":"warning","event":"The `airflow.hooks.base.BaseHook` attribute is deprecated. Please use `'airflow.sdk.bases.hook.BaseHook'`.","category":"DeprecatedImportWarning","filename":"/opt/airflow/plugins/hooks/minio_hook.py","lineno":1,"logger":"py.warnings"}
{"timestamp":"2026-04-10T12:38:15.082008Z","level":"info","event":"DAG bundles loaded: dags-folder","logger":"airflow.dag_processing.bundles.manager.DagBundlesManager","filename":"manager.py","lineno":209}
{"timestamp":"2026-04-10T12:38:15.082431Z","level":"info","event":"Filling up the DagBag from /opt/airflow/dags/read_rss.py","logger":"airflow.dag_processing.dagbag.BundleDagBag","filename":"dagbag.py","lineno":469}
{"timestamp":"2026-04-10T12:38:15.085510Z","level":"warning","event":"The `airflow.operators.python.PythonOperator` attribute is deprecated. Please use `'airflow.providers.standard.operators.python.PythonOperator'`.","category":"UserWarning","filename":"/opt/airflow/dags/read_rss.py","lineno":3,"logger":"py.warnings"}
{"timestamp":"2026-04-10T12:38:15.090259Z","level":"info","event":"<BrokerConnection client_id=kafka-python-2.3.1, node_id=bootstrap-0 host=kafka:29092 <connecting> [IPv4 ('172.18.0.5', 29092)]>: connecting to kafka:29092 [('172.18.0.5', 29092) IPv4]","logger":"kafka.conn","filename":"conn.py","lineno":400}
{"timestamp":"2026-04-10T12:38:15.092285Z","level":"info","event":"<BrokerConnection client_id=kafka-python-2.3.1, node_id=bootstrap-0 host=kafka:29092 <checking_api_versions_recv> [IPv4 ('172.18.0.5', 29092)]>: Broker version identified as 2.6","logger":"kafka.conn","filename":"conn.py","lineno":622}
{"timestamp":"2026-04-10T12:38:15.092592Z","level":"info","event":"<BrokerConnection client_id=kafka-python-2.3.1, node_id=bootstrap-0 host=kafka:29092 <connected> [IPv4 ('172.18.0.5', 29092)]>: Connection complete.","logger":"kafka.conn","filename":"conn.py","lineno":461}
{"timestamp":"2026-04-10T12:38:15.092891Z","level":"info","event":"Updating subscribed topics to: ('articles',)","logger":"kafka.consumer.subscription_state","filename":"subscription_state.py","lineno":181}
{"timestamp":"2026-04-10T12:38:15.093747Z","level":"info","event":"<BrokerConnection client_id=kafka-python-2.3.1, node_id=1 host=kafka:29092 <connecting> [IPv4 ('172.18.0.5', 29092)]>: connecting to kafka:29092 [('172.18.0.5', 29092) IPv4]","logger":"kafka.conn","filename":"conn.py","lineno":400}
{"timestamp":"2026-04-10T12:38:15.093969Z","level":"info","event":"<BrokerConnection client_id=kafka-python-2.3.1, node_id=1 host=kafka:29092 <connected> [IPv4 ('172.18.0.5', 29092)]>: Connection complete.","logger":"kafka.conn","filename":"conn.py","lineno":461}
{"timestamp":"2026-04-10T12:38:15.094096Z","level":"info","event":"<BrokerConnection client_id=kafka-python-2.3.1, node_id=bootstrap-0 host=kafka:29092 <connected> [IPv4 ('172.18.0.5', 29092)]>: Closing connection. ","logger":"kafka.conn","filename":"conn.py","lineno":951}
{"timestamp":"2026-04-10T12:38:15.196212Z","level":"info","event":"Coordinator for group/airflow-rss-consumer is BrokerMetadata(nodeId='coordinator-1', host='kafka', port=29092, rack=None)","logger":"kafka.cluster","filename":"cluster.py","lineno":403}
{"timestamp":"2026-04-10T12:38:15.196447Z","level":"info","event":"Discovered coordinator coordinator-1 for group airflow-rss-consumer","logger":"kafka.coordinator","filename":"base.py","lineno":835}
{"timestamp":"2026-04-10T12:38:15.196677Z","level":"info","event":"Starting new heartbeat thread","logger":"kafka.coordinator.heartbeat","filename":"base.py","lineno":895}
{"timestamp":"2026-04-10T12:38:15.197073Z","level":"info","event":"Revoking previously assigned partitions set() for group airflow-rss-consumer","logger":"kafka.coordinator.consumer","filename":"consumer.py","lineno":379}
{"timestamp":"2026-04-10T12:38:15.197232Z","level":"info","event":"Failed to join group airflow-rss-consumer: NodeNotReadyError: coordinator-1","logger":"kafka.coordinator","filename":"base.py","lineno":433}
{"timestamp":"2026-04-10T12:38:15.197686Z","level":"info","event":"<BrokerConnection client_id=kafka-python-2.3.1, node_id=coordinator-1 host=kafka:29092 <connecting> [IPv4 ('172.18.0.5', 29092)]>: connecting to kafka:29092 [('172.18.0.5', 29092) IPv4]","logger":"kafka.conn","filename":"conn.py","lineno":400}
{"timestamp":"2026-04-10T12:38:15.197904Z","level":"info","event":"<BrokerConnection client_id=kafka-python-2.3.1, node_id=coordinator-1 host=kafka:29092 <connected> [IPv4 ('172.18.0.5', 29092)]>: Connection complete.","logger":"kafka.conn","filename":"conn.py","lineno":461}
{"timestamp":"2026-04-10T12:38:15.299582Z","level":"info","event":"(Re-)joining group airflow-rss-consumer","logger":"kafka.coordinator","filename":"base.py","lineno":546}
{"timestamp":"2026-04-10T12:38:15.300494Z","level":"info","event":"Received member id kafka-python-2.3.1-adec5674-00f4-4dac-8d4e-135ae95c872e for group airflow-rss-consumer; will retry join-group","logger":"kafka.coordinator","filename":"base.py","lineno":661}
{"timestamp":"2026-04-10T12:38:15.300540Z","level":"info","event":"Failed to join group airflow-rss-consumer: [Error 79] MemberIdRequiredError","logger":"kafka.coordinator","filename":"base.py","lineno":433}
{"timestamp":"2026-04-10T12:38:15.300592Z","level":"info","event":"(Re-)joining group airflow-rss-consumer","logger":"kafka.coordinator","filename":"base.py","lineno":546}
{"timestamp":"2026-04-10T12:38:24.284193Z","level":"info","event":"Successfully joined group airflow-rss-consumer <Generation 14 (member_id: kafka-python-2.3.1-adec5674-00f4-4dac-8d4e-135ae95c872e, protocol: range)>","logger":"kafka.coordinator","filename":"base.py","lineno":617}
{"timestamp":"2026-04-10T12:38:24.285973Z","level":"info","event":"Updated partition assignment: []","logger":"kafka.consumer.subscription_state","filename":"subscription_state.py","lineno":254}
{"timestamp":"2026-04-10T12:38:24.286072Z","level":"info","event":"Setting newly assigned partitions set() for group airflow-rss-consumer","logger":"kafka.coordinator.consumer","filename":"consumer.py","lineno":260}
{"timestamp":"2026-04-10T12:39:04.394108Z","level":"warning","event":"Heartbeat failed for group airflow-rss-consumer because it is rebalancing","logger":"kafka.coordinator.heartbeat","filename":"base.py","lineno":1025}
{"timestamp":"2026-04-10T12:39:04.395546Z","level":"info","event":"Revoking previously assigned partitions set() for group airflow-rss-consumer","logger":"kafka.coordinator.consumer","filename":"consumer.py","lineno":379}
{"timestamp":"2026-04-10T12:39:04.395693Z","level":"info","event":"(Re-)joining group airflow-rss-consumer","logger":"kafka.coordinator","filename":"base.py","lineno":546}
{"timestamp":"2026-04-10T12:39:04.584756Z","level":"info","event":"Successfully joined group airflow-rss-consumer <Generation 15 (member_id: kafka-python-2.3.1-adec5674-00f4-4dac-8d4e-135ae95c872e, protocol: range)>","logger":"kafka.coordinator","filename":"base.py","lineno":617}
{"timestamp":"2026-04-10T12:39:04.616807Z","level":"info","event":"Updated partition assignment: []","logger":"kafka.consumer.subscription_state","filename":"subscription_state.py","lineno":254}
{"timestamp":"2026-04-10T12:39:04.617852Z","level":"info","event":"Setting newly assigned partitions set() for group airflow-rss-consumer","logger":"kafka.coordinator.consumer","filename":"consumer.py","lineno":260}
{"timestamp":"2026-04-10T12:40:04.663446Z","level":"warning","event":"Heartbeat failed for group airflow-rss-consumer because it is rebalancing","logger":"kafka.coordinator.heartbeat","filename":"base.py","lineno":1025}
{"timestamp":"2026-04-10T12:40:04.665196Z","level":"info","event":"Revoking previously assigned partitions set() for group airflow-rss-consumer","logger":"kafka.coordinator.consumer","filename":"consumer.py","lineno":379}
{"timestamp":"2026-04-10T12:40:04.665450Z","level":"info","event":"(Re-)joining group airflow-rss-consumer","logger":"kafka.coordinator","filename":"base.py","lineno":546}
{"timestamp":"2026-04-10T12:40:04.781502Z","level":"info","event":"Successfully joined group airflow-rss-consumer <Generation 16 (member_id: kafka-python-2.3.1-adec5674-00f4-4dac-8d4e-135ae95c872e, protocol: range)>","logger":"kafka.coordinator","filename":"base.py","lineno":617}
{"timestamp":"2026-04-10T12:40:04.783254Z","level":"info","event":"Updated partition assignment: []","logger":"kafka.consumer.subscription_state","filename":"subscription_state.py","lineno":254}
{"timestamp":"2026-04-10T12:40:04.783331Z","level":"info","event":"Setting newly assigned partitions set() for group airflow-rss-consumer","logger":"kafka.coordinator.consumer","filename":"consumer.py","lineno":260}
{"timestamp":"2026-04-10T12:41:04.858459Z","level":"warning","event":"Heartbeat failed for group airflow-rss-consumer because it is rebalancing","logger":"kafka.coordinator.heartbeat","filename":"base.py","lineno":1025}
{"timestamp":"2026-04-10T12:41:04.859788Z","level":"info","event":"Revoking previously assigned partitions set() for group airflow-rss-consumer","logger":"kafka.coordinator.consumer","filename":"consumer.py","lineno":379}
{"timestamp":"2026-04-10T12:41:04.859939Z","level":"info","event":"(Re-)joining group airflow-rss-consumer","logger":"kafka.coordinator","filename":"base.py","lineno":546}
{"timestamp":"2026-04-10T12:41:05.041946Z","level":"info","event":"Successfully joined group airflow-rss-consumer <Generation 17 (member_id: kafka-python-2.3.1-adec5674-00f4-4dac-8d4e-135ae95c872e, protocol: range)>","logger":"kafka.coordinator","filename":"base.py","lineno":617}
{"timestamp":"2026-04-10T12:41:05.046567Z","level":"info","event":"Updated partition assignment: []","logger":"kafka.consumer.subscription_state","filename":"subscription_state.py","lineno":254}
{"timestamp":"2026-04-10T12:41:05.046705Z","level":"info","event":"Setting newly assigned partitions set() for group airflow-rss-consumer","logger":"kafka.coordinator.consumer","filename":"consumer.py","lineno":260}
{"timestamp":"2026-04-10T12:42:05.111546Z","level":"warning","event":"Heartbeat failed for group airflow-rss-consumer because it is rebalancing","logger":"kafka.coordinator.heartbeat","filename":"base.py","lineno":1025}
{"timestamp":"2026-04-10T12:42:05.112369Z","level":"info","event":"Revoking previously assigned partitions set() for group airflow-rss-consumer","logger":"kafka.coordinator.consumer","filename":"consumer.py","lineno":379}
{"timestamp":"2026-04-10T12:42:05.112520Z","level":"info","event":"(Re-)joining group airflow-rss-consumer","logger":"kafka.coordinator","filename":"base.py","lineno":546}
{"timestamp":"2026-04-10T12:42:05.154913Z","level":"info","event":"Successfully joined group airflow-rss-consumer <Generation 18 (member_id: kafka-python-2.3.1-adec5674-00f4-4dac-8d4e-135ae95c872e, protocol: range)>","logger":"kafka.coordinator","filename":"base.py","lineno":617}
{"timestamp":"2026-04-10T12:42:05.157679Z","level":"info","event":"Updated partition assignment: []","logger":"kafka.consumer.subscription_state","filename":"subscription_state.py","lineno":254}
{"timestamp":"2026-04-10T12:42:05.157760Z","level":"info","event":"Setting newly assigned partitions set() for group airflow-rss-consumer","logger":"kafka.coordinator.consumer","filename":"consumer.py","lineno":260}
{"timestamp":"2026-04-10T12:44:05.286324Z","level":"warning","event":"Heartbeat failed for group airflow-rss-consumer because it is rebalancing","logger":"kafka.coordinator.heartbeat","filename":"base.py","lineno":1025}
{"timestamp":"2026-04-10T12:44:05.287551Z","level":"info","event":"Revoking previously assigned partitions set() for group airflow-rss-consumer","logger":"kafka.coordinator.consumer","filename":"consumer.py","lineno":379}
{"timestamp":"2026-04-10T12:44:05.287741Z","level":"info","event":"(Re-)joining group airflow-rss-consumer","logger":"kafka.coordinator","filename":"base.py","lineno":546}
{"timestamp":"2026-04-10T12:44:05.300979Z","level":"info","event":"Successfully joined group airflow-rss-consumer <Generation 19 (member_id: kafka-python-2.3.1-adec5674-00f4-4dac-8d4e-135ae95c872e, protocol: range)>","logger":"kafka.coordinator","filename":"base.py","lineno":617}
{"timestamp":"2026-04-10T12:44:05.304520Z","level":"info","event":"Updated partition assignment: []","logger":"kafka.consumer.subscription_state","filename":"subscription_state.py","lineno":254}
{"timestamp":"2026-04-10T12:44:05.304657Z","level":"info","event":"Setting newly assigned partitions set() for group airflow-rss-consumer","logger":"kafka.coordinator.consumer","filename":"consumer.py","lineno":260}
{"timestamp":"2026-04-10T12:46:55.404689Z","level":"warning","event":"Heartbeat failed for group airflow-rss-consumer because it is rebalancing","logger":"kafka.coordinator.heartbeat","filename":"base.py","lineno":1025}
{"timestamp":"2026-04-10T12:46:55.406434Z","level":"info","event":"Revoking previously assigned partitions set() for group airflow-rss-consumer","logger":"kafka.coordinator.consumer","filename":"consumer.py","lineno":379}
{"timestamp":"2026-04-10T12:46:55.406581Z","level":"info","event":"(Re-)joining group airflow-rss-consumer","logger":"kafka.coordinator","filename":"base.py","lineno":546}
{"timestamp":"2026-04-10T12:46:55.414134Z","level":"info","event":"Successfully joined group airflow-rss-consumer <Generation 20 (member_id: kafka-python-2.3.1-adec5674-00f4-4dac-8d4e-135ae95c872e, protocol: range)>","logger":"kafka.coordinator","filename":"base.py","lineno":617}
{"timestamp":"2026-04-10T12:46:55.419123Z","level":"info","event":"Updated partition assignment: []","logger":"kafka.consumer.subscription_state","filename":"subscription_state.py","lineno":254}
{"timestamp":"2026-04-10T12:46:55.419485Z","level":"info","event":"Setting newly assigned partitions set() for group airflow-rss-consumer","logger":"kafka.coordinator.consumer","filename":"consumer.py","lineno":260}
{"timestamp":"2026-04-10T12:47:05.421804Z","level":"warning","event":"Heartbeat failed for group airflow-rss-consumer because it is rebalancing","logger":"kafka.coordinator.heartbeat","filename":"base.py","lineno":1025}
{"timestamp":"2026-04-10T12:47:05.421923Z","level":"info","event":"Revoking previously assigned partitions set() for group airflow-rss-consumer","logger":"kafka.coordinator.consumer","filename":"consumer.py","lineno":379}
{"timestamp":"2026-04-10T12:47:05.421991Z","level":"info","event":"(Re-)joining group airflow-rss-consumer","logger":"kafka.coordinator","filename":"base.py","lineno":546}
{"timestamp":"2026-04-10T12:47:05.436689Z","level":"info","event":"Successfully joined group airflow-rss-consumer <Generation 21 (member_id: kafka-python-2.3.1-adec5674-00f4-4dac-8d4e-135ae95c872e, protocol: range)>","logger":"kafka.coordinator","filename":"base.py","lineno":617}
{"timestamp":"2026-04-10T12:47:05.438484Z","level":"info","event":"Updated partition assignment: []","logger":"kafka.consumer.subscription_state","filename":"subscription_state.py","lineno":254}
{"timestamp":"2026-04-10T12:47:05.438703Z","level":"info","event":"Setting newly assigned partitions set() for group airflow-rss-consumer","logger":"kafka.coordinator.consumer","filename":"consumer.py","lineno":260}
{"timestamp":"2026-04-10T12:48:05.471864Z","level":"warning","event":"Heartbeat failed for group airflow-rss-consumer because it is rebalancing","logger":"kafka.coordinator.heartbeat","filename":"base.py","lineno":1025}
{"timestamp":"2026-04-10T12:48:05.472454Z","level":"info","event":"Revoking previously assigned partitions set() for group airflow-rss-consumer","logger":"kafka.coordinator.consumer","filename":"consumer.py","lineno":379}
{"timestamp":"2026-04-10T12:48:05.472539Z","level":"info","event":"(Re-)joining group airflow-rss-consumer","logger":"kafka.coordinator","filename":"base.py","lineno":546}
{"timestamp":"2026-04-10T12:48:05.690985Z","level":"info","event":"Successfully joined group airflow-rss-consumer <Generation 22 (member_id: kafka-python-2.3.1-adec5674-00f4-4dac-8d4e-135ae95c872e, protocol: range)>","logger":"kafka.coordinator","filename":"base.py","lineno":617}
{"timestamp":"2026-04-10T12:48:05.693246Z","level":"info","event":"Updated partition assignment: []","logger":"kafka.consumer.subscription_state","filename":"subscription_state.py","lineno":254}
{"timestamp":"2026-04-10T12:48:05.693323Z","level":"info","event":"Setting newly assigned partitions set() for group airflow-rss-consumer","logger":"kafka.coordinator.consumer","filename":"consumer.py","lineno":260}
{"timestamp":"2026-04-10T12:49:05.893857Z","level":"warning","event":"Heartbeat failed for group airflow-rss-consumer because it is rebalancing","logger":"kafka.coordinator.heartbeat","filename":"base.py","lineno":1025}
{"timestamp":"2026-04-10T12:49:05.894478Z","level":"info","event":"Revoking previously assigned partitions set() for group airflow-rss-consumer","logger":"kafka.coordinator.consumer","filename":"consumer.py","lineno":379}
{"timestamp":"2026-04-10T12:49:05.894602Z","level":"info","event":"(Re-)joining group airflow-rss-consumer","logger":"kafka.coordinator","filename":"base.py","lineno":546}
{"timestamp":"2026-04-10T12:49:05.896629Z","level":"info","event":"Successfully joined group airflow-rss-consumer <Generation 23 (member_id: kafka-python-2.3.1-adec5674-00f4-4dac-8d4e-135ae95c872e, protocol: range)>","logger":"kafka.coordinator","filename":"base.py","lineno":617}
{"timestamp":"2026-04-10T12:49:05.899109Z","level":"info","event":"Updated partition assignment: []","logger":"kafka.consumer.subscription_state","filename":"subscription_state.py","lineno":254}
{"timestamp":"2026-04-10T12:49:05.899313Z","level":"info","event":"Setting newly assigned partitions set() for group airflow-rss-consumer","logger":"kafka.coordinator.consumer","filename":"consumer.py","lineno":260}
