{"timestamp":"2026-04-10T12:40:00.596360Z","level":"warning","event":"The `airflow.hooks.base.BaseHook` attribute is deprecated. Please use `'airflow.sdk.bases.hook.BaseHook'`.","category":"DeprecatedImportWarning","filename":"/opt/airflow/plugins/hooks/minio_hook.py","lineno":1,"logger":"py.warnings"}
{"timestamp":"2026-04-10T12:40:00.699113Z","level":"warning","event":"The `airflow.hooks.base.BaseHook` attribute is deprecated. Please use `'airflow.sdk.bases.hook.BaseHook'`.","category":"DeprecatedImportWarning","filename":"/opt/airflow/plugins/hooks/minio_hook.py","lineno":1,"logger":"py.warnings"}
{"timestamp":"2026-04-10T12:40:00.702659Z","level":"info","event":"DAG bundles loaded: dags-folder","logger":"airflow.dag_processing.bundles.manager.DagBundlesManager","filename":"manager.py","lineno":209}
{"timestamp":"2026-04-10T12:40:00.703592Z","level":"info","event":"Filling up the DagBag from /opt/airflow/dags/read_rss.py","logger":"airflow.dag_processing.dagbag.BundleDagBag","filename":"dagbag.py","lineno":469}
{"timestamp":"2026-04-10T12:40:00.708154Z","level":"warning","event":"The `airflow.operators.python.PythonOperator` attribute is deprecated. Please use `'airflow.providers.standard.operators.python.PythonOperator'`.","category":"UserWarning","filename":"/opt/airflow/dags/read_rss.py","lineno":3,"logger":"py.warnings"}
{"timestamp":"2026-04-10T12:40:00.714250Z","level":"info","event":"<BrokerConnection client_id=kafka-python-2.3.1, node_id=bootstrap-0 host=kafka:29092 <connecting> [IPv4 ('172.18.0.5', 29092)]>: connecting to kafka:29092 [('172.18.0.5', 29092) IPv4]","logger":"kafka.conn","filename":"conn.py","lineno":400}
{"timestamp":"2026-04-10T12:40:00.717453Z","level":"info","event":"<BrokerConnection client_id=kafka-python-2.3.1, node_id=bootstrap-0 host=kafka:29092 <checking_api_versions_recv> [IPv4 ('172.18.0.5', 29092)]>: Broker version identified as 2.6","logger":"kafka.conn","filename":"conn.py","lineno":622}
{"timestamp":"2026-04-10T12:40:00.717684Z","level":"info","event":"<BrokerConnection client_id=kafka-python-2.3.1, node_id=bootstrap-0 host=kafka:29092 <connected> [IPv4 ('172.18.0.5', 29092)]>: Connection complete.","logger":"kafka.conn","filename":"conn.py","lineno":461}
{"timestamp":"2026-04-10T12:40:00.717951Z","level":"info","event":"Updating subscribed topics to: ('articles',)","logger":"kafka.consumer.subscription_state","filename":"subscription_state.py","lineno":181}
{"timestamp":"2026-04-10T12:40:00.719286Z","level":"info","event":"<BrokerConnection client_id=kafka-python-2.3.1, node_id=1 host=kafka:29092 <connecting> [IPv4 ('172.18.0.5', 29092)]>: connecting to kafka:29092 [('172.18.0.5', 29092) IPv4]","logger":"kafka.conn","filename":"conn.py","lineno":400}
{"timestamp":"2026-04-10T12:40:00.719450Z","level":"info","event":"<BrokerConnection client_id=kafka-python-2.3.1, node_id=1 host=kafka:29092 <connected> [IPv4 ('172.18.0.5', 29092)]>: Connection complete.","logger":"kafka.conn","filename":"conn.py","lineno":461}
{"timestamp":"2026-04-10T12:40:00.719517Z","level":"info","event":"<BrokerConnection client_id=kafka-python-2.3.1, node_id=bootstrap-0 host=kafka:29092 <connected> [IPv4 ('172.18.0.5', 29092)]>: Closing connection. ","logger":"kafka.conn","filename":"conn.py","lineno":951}
{"timestamp":"2026-04-10T12:40:00.822124Z","level":"info","event":"Coordinator for group/airflow-rss-consumer is BrokerMetadata(nodeId='coordinator-1', host='kafka', port=29092, rack=None)","logger":"kafka.cluster","filename":"cluster.py","lineno":403}
{"timestamp":"2026-04-10T12:40:00.822236Z","level":"info","event":"Discovered coordinator coordinator-1 for group airflow-rss-consumer","logger":"kafka.coordinator","filename":"base.py","lineno":835}
{"timestamp":"2026-04-10T12:40:00.822308Z","level":"info","event":"Starting new heartbeat thread","logger":"kafka.coordinator.heartbeat","filename":"base.py","lineno":895}
{"timestamp":"2026-04-10T12:40:00.822770Z","level":"info","event":"Revoking previously assigned partitions set() for group airflow-rss-consumer","logger":"kafka.coordinator.consumer","filename":"consumer.py","lineno":379}
{"timestamp":"2026-04-10T12:40:00.822863Z","level":"info","event":"Failed to join group airflow-rss-consumer: NodeNotReadyError: coordinator-1","logger":"kafka.coordinator","filename":"base.py","lineno":433}
{"timestamp":"2026-04-10T12:40:00.823291Z","level":"info","event":"<BrokerConnection client_id=kafka-python-2.3.1, node_id=coordinator-1 host=kafka:29092 <connecting> [IPv4 ('172.18.0.5', 29092)]>: connecting to kafka:29092 [('172.18.0.5', 29092) IPv4]","logger":"kafka.conn","filename":"conn.py","lineno":400}
{"timestamp":"2026-04-10T12:40:00.823476Z","level":"info","event":"<BrokerConnection client_id=kafka-python-2.3.1, node_id=coordinator-1 host=kafka:29092 <connected> [IPv4 ('172.18.0.5', 29092)]>: Connection complete.","logger":"kafka.conn","filename":"conn.py","lineno":461}
{"timestamp":"2026-04-10T12:40:00.929256Z","level":"info","event":"(Re-)joining group airflow-rss-consumer","logger":"kafka.coordinator","filename":"base.py","lineno":546}
{"timestamp":"2026-04-10T12:40:00.930709Z","level":"info","event":"Received member id kafka-python-2.3.1-7d07ff01-b375-4554-997c-9ec02b50417f for group airflow-rss-consumer; will retry join-group","logger":"kafka.coordinator","filename":"base.py","lineno":661}
{"timestamp":"2026-04-10T12:40:00.930783Z","level":"info","event":"Failed to join group airflow-rss-consumer: [Error 79] MemberIdRequiredError","logger":"kafka.coordinator","filename":"base.py","lineno":433}
{"timestamp":"2026-04-10T12:40:00.930866Z","level":"info","event":"(Re-)joining group airflow-rss-consumer","logger":"kafka.coordinator","filename":"base.py","lineno":546}
{"timestamp":"2026-04-10T12:40:04.781277Z","level":"info","event":"Successfully joined group airflow-rss-consumer <Generation 16 (member_id: kafka-python-2.3.1-7d07ff01-b375-4554-997c-9ec02b50417f, protocol: range)>","logger":"kafka.coordinator","filename":"base.py","lineno":617}
{"timestamp":"2026-04-10T12:40:04.782871Z","level":"info","event":"Updated partition assignment: []","logger":"kafka.consumer.subscription_state","filename":"subscription_state.py","lineno":254}
{"timestamp":"2026-04-10T12:40:04.782958Z","level":"info","event":"Setting newly assigned partitions set() for group airflow-rss-consumer","logger":"kafka.coordinator.consumer","filename":"consumer.py","lineno":260}
{"timestamp":"2026-04-10T12:41:04.865939Z","level":"warning","event":"Heartbeat failed for group airflow-rss-consumer because it is rebalancing","logger":"kafka.coordinator.heartbeat","filename":"base.py","lineno":1025}
{"timestamp":"2026-04-10T12:41:04.867094Z","level":"info","event":"Revoking previously assigned partitions set() for group airflow-rss-consumer","logger":"kafka.coordinator.consumer","filename":"consumer.py","lineno":379}
{"timestamp":"2026-04-10T12:41:04.867298Z","level":"info","event":"(Re-)joining group airflow-rss-consumer","logger":"kafka.coordinator","filename":"base.py","lineno":546}
{"timestamp":"2026-04-10T12:41:05.042008Z","level":"info","event":"Successfully joined group airflow-rss-consumer <Generation 17 (member_id: kafka-python-2.3.1-7d07ff01-b375-4554-997c-9ec02b50417f, protocol: range)>","logger":"kafka.coordinator","filename":"base.py","lineno":617}
{"timestamp":"2026-04-10T12:41:05.046816Z","level":"info","event":"Updated partition assignment: []","logger":"kafka.consumer.subscription_state","filename":"subscription_state.py","lineno":254}
{"timestamp":"2026-04-10T12:41:05.047004Z","level":"info","event":"Setting newly assigned partitions set() for group airflow-rss-consumer","logger":"kafka.coordinator.consumer","filename":"consumer.py","lineno":260}
{"timestamp":"2026-04-10T12:42:05.116694Z","level":"warning","event":"Heartbeat failed for group airflow-rss-consumer because it is rebalancing","logger":"kafka.coordinator.heartbeat","filename":"base.py","lineno":1025}
{"timestamp":"2026-04-10T12:42:05.121281Z","level":"info","event":"Revoking previously assigned partitions set() for group airflow-rss-consumer","logger":"kafka.coordinator.consumer","filename":"consumer.py","lineno":379}
{"timestamp":"2026-04-10T12:42:05.121571Z","level":"info","event":"(Re-)joining group airflow-rss-consumer","logger":"kafka.coordinator","filename":"base.py","lineno":546}
{"timestamp":"2026-04-10T12:42:05.154980Z","level":"info","event":"Successfully joined group airflow-rss-consumer <Generation 18 (member_id: kafka-python-2.3.1-7d07ff01-b375-4554-997c-9ec02b50417f, protocol: range)>","logger":"kafka.coordinator","filename":"base.py","lineno":617}
{"timestamp":"2026-04-10T12:42:05.157333Z","level":"info","event":"Updated partition assignment: []","logger":"kafka.consumer.subscription_state","filename":"subscription_state.py","lineno":254}
{"timestamp":"2026-04-10T12:42:05.157448Z","level":"info","event":"Setting newly assigned partitions set() for group airflow-rss-consumer","logger":"kafka.coordinator.consumer","filename":"consumer.py","lineno":260}
{"timestamp":"2026-04-10T12:44:05.296968Z","level":"warning","event":"Heartbeat failed for group airflow-rss-consumer because it is rebalancing","logger":"kafka.coordinator.heartbeat","filename":"base.py","lineno":1025}
{"timestamp":"2026-04-10T12:44:05.298103Z","level":"info","event":"Revoking previously assigned partitions set() for group airflow-rss-consumer","logger":"kafka.coordinator.consumer","filename":"consumer.py","lineno":379}
{"timestamp":"2026-04-10T12:44:05.298321Z","level":"info","event":"(Re-)joining group airflow-rss-consumer","logger":"kafka.coordinator","filename":"base.py","lineno":546}
{"timestamp":"2026-04-10T12:44:05.300976Z","level":"info","event":"Successfully joined group airflow-rss-consumer <Generation 19 (member_id: kafka-python-2.3.1-7d07ff01-b375-4554-997c-9ec02b50417f, protocol: range)>","logger":"kafka.coordinator","filename":"base.py","lineno":617}
{"timestamp":"2026-04-10T12:44:05.304628Z","level":"info","event":"Updated partition assignment: [TopicPartition(topic='articles', partition=0)]","logger":"kafka.consumer.subscription_state","filename":"subscription_state.py","lineno":254}
{"timestamp":"2026-04-10T12:44:05.304777Z","level":"info","event":"Setting newly assigned partitions {TopicPartition(topic='articles', partition=0)} for group airflow-rss-consumer","logger":"kafka.coordinator.consumer","filename":"consumer.py","lineno":260}
{"timestamp":"2026-04-10T12:46:55.408877Z","level":"warning","event":"Heartbeat failed for group airflow-rss-consumer because it is rebalancing","logger":"kafka.coordinator.heartbeat","filename":"base.py","lineno":1025}
{"timestamp":"2026-04-10T12:46:55.411173Z","level":"info","event":"Revoking previously assigned partitions {TopicPartition(topic='articles', partition=0)} for group airflow-rss-consumer","logger":"kafka.coordinator.consumer","filename":"consumer.py","lineno":379}
{"timestamp":"2026-04-10T12:46:55.411360Z","level":"info","event":"(Re-)joining group airflow-rss-consumer","logger":"kafka.coordinator","filename":"base.py","lineno":546}
{"timestamp":"2026-04-10T12:46:55.414846Z","level":"info","event":"Successfully joined group airflow-rss-consumer <Generation 20 (member_id: kafka-python-2.3.1-7d07ff01-b375-4554-997c-9ec02b50417f, protocol: range)>","logger":"kafka.coordinator","filename":"base.py","lineno":617}
{"timestamp":"2026-04-10T12:46:55.419233Z","level":"info","event":"Updated partition assignment: [TopicPartition(topic='articles', partition=0)]","logger":"kafka.consumer.subscription_state","filename":"subscription_state.py","lineno":254}
{"timestamp":"2026-04-10T12:46:55.419583Z","level":"info","event":"Setting newly assigned partitions {TopicPartition(topic='articles', partition=0)} for group airflow-rss-consumer","logger":"kafka.coordinator.consumer","filename":"consumer.py","lineno":260}
{"timestamp":"2026-04-10T12:47:05.422755Z","level":"warning","event":"Heartbeat failed for group airflow-rss-consumer because it is rebalancing","logger":"kafka.coordinator.heartbeat","filename":"base.py","lineno":1025}
{"timestamp":"2026-04-10T12:47:05.423858Z","level":"info","event":"Revoking previously assigned partitions {TopicPartition(topic='articles', partition=0)} for group airflow-rss-consumer","logger":"kafka.coordinator.consumer","filename":"consumer.py","lineno":379}
{"timestamp":"2026-04-10T12:47:05.423927Z","level":"info","event":"(Re-)joining group airflow-rss-consumer","logger":"kafka.coordinator","filename":"base.py","lineno":546}
{"timestamp":"2026-04-10T12:47:05.436347Z","level":"info","event":"Successfully joined group airflow-rss-consumer <Generation 21 (member_id: kafka-python-2.3.1-7d07ff01-b375-4554-997c-9ec02b50417f, protocol: range)>","logger":"kafka.coordinator","filename":"base.py","lineno":617}
{"timestamp":"2026-04-10T12:47:05.437971Z","level":"info","event":"Updated partition assignment: [TopicPartition(topic='articles', partition=1)]","logger":"kafka.consumer.subscription_state","filename":"subscription_state.py","lineno":254}
{"timestamp":"2026-04-10T12:47:05.438041Z","level":"info","event":"Setting newly assigned partitions {TopicPartition(topic='articles', partition=1)} for group airflow-rss-consumer","logger":"kafka.coordinator.consumer","filename":"consumer.py","lineno":260}
{"timestamp":"2026-04-10T12:47:05.581146Z","level":"info","event":"Resetting offset for partition TopicPartition(topic='articles', partition=1) to offset 0.","logger":"kafka.consumer.fetcher","filename":"fetcher.py","lineno":419}
{"timestamp":"2026-04-10T12:47:05.585565Z","level":"info","event":"Article reçu: Listen them miss huge choose her move magazine.","logger":"airflow.task.operators.operators.rss_consumer.RSSArticleConsumerOperator","filename":"rss_consumer.py","lineno":53}
{"timestamp":"2026-04-10T12:48:05.688696Z","level":"warning","event":"Heartbeat failed for group airflow-rss-consumer because it is rebalancing","logger":"kafka.coordinator.heartbeat","filename":"base.py","lineno":1025}
{"timestamp":"2026-04-10T12:48:05.689804Z","level":"info","event":"Revoking previously assigned partitions {TopicPartition(topic='articles', partition=1)} for group airflow-rss-consumer","logger":"kafka.coordinator.consumer","filename":"consumer.py","lineno":379}
{"timestamp":"2026-04-10T12:48:05.689885Z","level":"info","event":"(Re-)joining group airflow-rss-consumer","logger":"kafka.coordinator","filename":"base.py","lineno":546}
{"timestamp":"2026-04-10T12:48:05.692535Z","level":"info","event":"Successfully joined group airflow-rss-consumer <Generation 22 (member_id: kafka-python-2.3.1-7d07ff01-b375-4554-997c-9ec02b50417f, protocol: range)>","logger":"kafka.coordinator","filename":"base.py","lineno":617}
{"timestamp":"2026-04-10T12:48:05.693769Z","level":"info","event":"Updated partition assignment: [TopicPartition(topic='articles', partition=1)]","logger":"kafka.consumer.subscription_state","filename":"subscription_state.py","lineno":254}
{"timestamp":"2026-04-10T12:48:05.693851Z","level":"info","event":"Setting newly assigned partitions {TopicPartition(topic='articles', partition=1)} for group airflow-rss-consumer","logger":"kafka.coordinator.consumer","filename":"consumer.py","lineno":260}
{"timestamp":"2026-04-10T12:49:05.783037Z","level":"warning","event":"Heartbeat failed for group airflow-rss-consumer because it is rebalancing","logger":"kafka.coordinator.heartbeat","filename":"base.py","lineno":1025}
{"timestamp":"2026-04-10T12:49:05.785739Z","level":"info","event":"Revoking previously assigned partitions {TopicPartition(topic='articles', partition=1)} for group airflow-rss-consumer","logger":"kafka.coordinator.consumer","filename":"consumer.py","lineno":379}
{"timestamp":"2026-04-10T12:49:05.785912Z","level":"info","event":"(Re-)joining group airflow-rss-consumer","logger":"kafka.coordinator","filename":"base.py","lineno":546}
{"timestamp":"2026-04-10T12:49:05.896204Z","level":"info","event":"Successfully joined group airflow-rss-consumer <Generation 23 (member_id: kafka-python-2.3.1-7d07ff01-b375-4554-997c-9ec02b50417f, protocol: range)>","logger":"kafka.coordinator","filename":"base.py","lineno":617}
{"timestamp":"2026-04-10T12:49:05.899094Z","level":"info","event":"Updated partition assignment: [TopicPartition(topic='articles', partition=2)]","logger":"kafka.consumer.subscription_state","filename":"subscription_state.py","lineno":254}
{"timestamp":"2026-04-10T12:49:05.899310Z","level":"info","event":"Setting newly assigned partitions {TopicPartition(topic='articles', partition=2)} for group airflow-rss-consumer","logger":"kafka.coordinator.consumer","filename":"consumer.py","lineno":260}
{"timestamp":"2026-04-10T12:50:01.209583Z","level":"info","event":"Article reçu: Else tough per best they either skin.","logger":"airflow.task.operators.operators.rss_consumer.RSSArticleConsumerOperator","filename":"rss_consumer.py","lineno":53}
