{"timestamp":"2026-04-10T12:41:00.821716Z","level":"warning","event":"The `airflow.hooks.base.BaseHook` attribute is deprecated. Please use `'airflow.sdk.bases.hook.BaseHook'`.","category":"DeprecatedImportWarning","filename":"/opt/airflow/plugins/hooks/minio_hook.py","lineno":1,"logger":"py.warnings"}
{"timestamp":"2026-04-10T12:41:00.909750Z","level":"warning","event":"The `airflow.hooks.base.BaseHook` attribute is deprecated. Please use `'airflow.sdk.bases.hook.BaseHook'`.","category":"DeprecatedImportWarning","filename":"/opt/airflow/plugins/hooks/minio_hook.py","lineno":1,"logger":"py.warnings"}
{"timestamp":"2026-04-10T12:41:00.912687Z","level":"info","event":"DAG bundles loaded: dags-folder","logger":"airflow.dag_processing.bundles.manager.DagBundlesManager","filename":"manager.py","lineno":209}
{"timestamp":"2026-04-10T12:41:00.913431Z","level":"info","event":"Filling up the DagBag from /opt/airflow/dags/read_rss.py","logger":"airflow.dag_processing.dagbag.BundleDagBag","filename":"dagbag.py","lineno":469}
{"timestamp":"2026-04-10T12:41:00.916424Z","level":"warning","event":"The `airflow.operators.python.PythonOperator` attribute is deprecated. Please use `'airflow.providers.standard.operators.python.PythonOperator'`.","category":"UserWarning","filename":"/opt/airflow/dags/read_rss.py","lineno":3,"logger":"py.warnings"}
{"timestamp":"2026-04-10T12:41:00.920326Z","level":"info","event":"<BrokerConnection client_id=kafka-python-2.3.1, node_id=bootstrap-0 host=kafka:29092 <connecting> [IPv4 ('172.18.0.5', 29092)]>: connecting to kafka:29092 [('172.18.0.5', 29092) IPv4]","logger":"kafka.conn","filename":"conn.py","lineno":400}
{"timestamp":"2026-04-10T12:41:00.922401Z","level":"info","event":"<BrokerConnection client_id=kafka-python-2.3.1, node_id=bootstrap-0 host=kafka:29092 <checking_api_versions_recv> [IPv4 ('172.18.0.5', 29092)]>: Broker version identified as 2.6","logger":"kafka.conn","filename":"conn.py","lineno":622}
{"timestamp":"2026-04-10T12:41:00.922604Z","level":"info","event":"<BrokerConnection client_id=kafka-python-2.3.1, node_id=bootstrap-0 host=kafka:29092 <connected> [IPv4 ('172.18.0.5', 29092)]>: Connection complete.","logger":"kafka.conn","filename":"conn.py","lineno":461}
{"timestamp":"2026-04-10T12:41:00.922817Z","level":"info","event":"Updating subscribed topics to: ('articles',)","logger":"kafka.consumer.subscription_state","filename":"subscription_state.py","lineno":181}
{"timestamp":"2026-04-10T12:41:00.924448Z","level":"info","event":"<BrokerConnection client_id=kafka-python-2.3.1, node_id=1 host=kafka:29092 <connecting> [IPv4 ('172.18.0.5', 29092)]>: connecting to kafka:29092 [('172.18.0.5', 29092) IPv4]","logger":"kafka.conn","filename":"conn.py","lineno":400}
{"timestamp":"2026-04-10T12:41:00.924573Z","level":"info","event":"<BrokerConnection client_id=kafka-python-2.3.1, node_id=1 host=kafka:29092 <connected> [IPv4 ('172.18.0.5', 29092)]>: Connection complete.","logger":"kafka.conn","filename":"conn.py","lineno":461}
{"timestamp":"2026-04-10T12:41:00.924625Z","level":"info","event":"<BrokerConnection client_id=kafka-python-2.3.1, node_id=bootstrap-0 host=kafka:29092 <connected> [IPv4 ('172.18.0.5', 29092)]>: Closing connection. ","logger":"kafka.conn","filename":"conn.py","lineno":951}
{"timestamp":"2026-04-10T12:41:01.026220Z","level":"info","event":"Coordinator for group/airflow-rss-consumer is BrokerMetadata(nodeId='coordinator-1', host='kafka', port=29092, rack=None)","logger":"kafka.cluster","filename":"cluster.py","lineno":403}
{"timestamp":"2026-04-10T12:41:01.026278Z","level":"info","event":"Discovered coordinator coordinator-1 for group airflow-rss-consumer","logger":"kafka.coordinator","filename":"base.py","lineno":835}
{"timestamp":"2026-04-10T12:41:01.026353Z","level":"info","event":"Starting new heartbeat thread","logger":"kafka.coordinator.heartbeat","filename":"base.py","lineno":895}
{"timestamp":"2026-04-10T12:41:01.026704Z","level":"info","event":"Revoking previously assigned partitions set() for group airflow-rss-consumer","logger":"kafka.coordinator.consumer","filename":"consumer.py","lineno":379}
{"timestamp":"2026-04-10T12:41:01.026763Z","level":"info","event":"Failed to join group airflow-rss-consumer: NodeNotReadyError: coordinator-1","logger":"kafka.coordinator","filename":"base.py","lineno":433}
{"timestamp":"2026-04-10T12:41:01.027043Z","level":"info","event":"<BrokerConnection client_id=kafka-python-2.3.1, node_id=coordinator-1 host=kafka:29092 <connecting> [IPv4 ('172.18.0.5', 29092)]>: connecting to kafka:29092 [('172.18.0.5', 29092) IPv4]","logger":"kafka.conn","filename":"conn.py","lineno":400}
{"timestamp":"2026-04-10T12:41:01.027183Z","level":"info","event":"<BrokerConnection client_id=kafka-python-2.3.1, node_id=coordinator-1 host=kafka:29092 <connected> [IPv4 ('172.18.0.5', 29092)]>: Connection complete.","logger":"kafka.conn","filename":"conn.py","lineno":461}
{"timestamp":"2026-04-10T12:41:01.132632Z","level":"info","event":"(Re-)joining group airflow-rss-consumer","logger":"kafka.coordinator","filename":"base.py","lineno":546}
{"timestamp":"2026-04-10T12:41:01.134451Z","level":"info","event":"Received member id kafka-python-2.3.1-a55b86db-430c-41f6-a28b-bef9e1077889 for group airflow-rss-consumer; will retry join-group","logger":"kafka.coordinator","filename":"base.py","lineno":661}
{"timestamp":"2026-04-10T12:41:01.134516Z","level":"info","event":"Failed to join group airflow-rss-consumer: [Error 79] MemberIdRequiredError","logger":"kafka.coordinator","filename":"base.py","lineno":433}
{"timestamp":"2026-04-10T12:41:01.134580Z","level":"info","event":"(Re-)joining group airflow-rss-consumer","logger":"kafka.coordinator","filename":"base.py","lineno":546}
{"timestamp":"2026-04-10T12:41:05.042246Z","level":"info","event":"Successfully joined group airflow-rss-consumer <Generation 17 (member_id: kafka-python-2.3.1-a55b86db-430c-41f6-a28b-bef9e1077889, protocol: range)>","logger":"kafka.coordinator","filename":"base.py","lineno":617}
{"timestamp":"2026-04-10T12:41:05.046481Z","level":"info","event":"Updated partition assignment: []","logger":"kafka.consumer.subscription_state","filename":"subscription_state.py","lineno":254}
{"timestamp":"2026-04-10T12:41:05.046718Z","level":"info","event":"Setting newly assigned partitions set() for group airflow-rss-consumer","logger":"kafka.coordinator.consumer","filename":"consumer.py","lineno":260}
{"timestamp":"2026-04-10T12:42:05.091412Z","level":"warning","event":"Heartbeat failed for group airflow-rss-consumer because it is rebalancing","logger":"kafka.coordinator.heartbeat","filename":"base.py","lineno":1025}
{"timestamp":"2026-04-10T12:42:05.093189Z","level":"info","event":"Revoking previously assigned partitions set() for group airflow-rss-consumer","logger":"kafka.coordinator.consumer","filename":"consumer.py","lineno":379}
{"timestamp":"2026-04-10T12:42:05.093539Z","level":"info","event":"(Re-)joining group airflow-rss-consumer","logger":"kafka.coordinator","filename":"base.py","lineno":546}
{"timestamp":"2026-04-10T12:42:05.154830Z","level":"info","event":"Successfully joined group airflow-rss-consumer <Generation 18 (member_id: kafka-python-2.3.1-a55b86db-430c-41f6-a28b-bef9e1077889, protocol: range)>","logger":"kafka.coordinator","filename":"base.py","lineno":617}
{"timestamp":"2026-04-10T12:42:05.157367Z","level":"info","event":"Updated partition assignment: []","logger":"kafka.consumer.subscription_state","filename":"subscription_state.py","lineno":254}
{"timestamp":"2026-04-10T12:42:05.157455Z","level":"info","event":"Setting newly assigned partitions set() for group airflow-rss-consumer","logger":"kafka.coordinator.consumer","filename":"consumer.py","lineno":260}
{"timestamp":"2026-04-10T12:44:05.263933Z","level":"warning","event":"Heartbeat failed for group airflow-rss-consumer because it is rebalancing","logger":"kafka.coordinator.heartbeat","filename":"base.py","lineno":1025}
{"timestamp":"2026-04-10T12:44:05.267299Z","level":"info","event":"Revoking previously assigned partitions set() for group airflow-rss-consumer","logger":"kafka.coordinator.consumer","filename":"consumer.py","lineno":379}
{"timestamp":"2026-04-10T12:44:05.267758Z","level":"info","event":"(Re-)joining group airflow-rss-consumer","logger":"kafka.coordinator","filename":"base.py","lineno":546}
{"timestamp":"2026-04-10T12:44:05.300560Z","level":"info","event":"Successfully joined group airflow-rss-consumer <Generation 19 (member_id: kafka-python-2.3.1-a55b86db-430c-41f6-a28b-bef9e1077889, protocol: range)>","logger":"kafka.coordinator","filename":"base.py","lineno":617}
{"timestamp":"2026-04-10T12:44:05.304655Z","level":"info","event":"Updated partition assignment: []","logger":"kafka.consumer.subscription_state","filename":"subscription_state.py","lineno":254}
{"timestamp":"2026-04-10T12:44:05.304786Z","level":"info","event":"Setting newly assigned partitions set() for group airflow-rss-consumer","logger":"kafka.coordinator.consumer","filename":"consumer.py","lineno":260}
{"timestamp":"2026-04-10T12:46:55.403625Z","level":"warning","event":"Heartbeat failed for group airflow-rss-consumer because it is rebalancing","logger":"kafka.coordinator.heartbeat","filename":"base.py","lineno":1025}
{"timestamp":"2026-04-10T12:46:55.405254Z","level":"info","event":"Revoking previously assigned partitions set() for group airflow-rss-consumer","logger":"kafka.coordinator.consumer","filename":"consumer.py","lineno":379}
{"timestamp":"2026-04-10T12:46:55.405599Z","level":"info","event":"(Re-)joining group airflow-rss-consumer","logger":"kafka.coordinator","filename":"base.py","lineno":546}
{"timestamp":"2026-04-10T12:46:55.414168Z","level":"info","event":"Successfully joined group airflow-rss-consumer <Generation 20 (member_id: kafka-python-2.3.1-a55b86db-430c-41f6-a28b-bef9e1077889, protocol: range)>","logger":"kafka.coordinator","filename":"base.py","lineno":617}
{"timestamp":"2026-04-10T12:46:55.419231Z","level":"info","event":"Updated partition assignment: []","logger":"kafka.consumer.subscription_state","filename":"subscription_state.py","lineno":254}
{"timestamp":"2026-04-10T12:46:55.419626Z","level":"info","event":"Setting newly assigned partitions set() for group airflow-rss-consumer","logger":"kafka.coordinator.consumer","filename":"consumer.py","lineno":260}
{"timestamp":"2026-04-10T12:47:05.422741Z","level":"warning","event":"Heartbeat failed for group airflow-rss-consumer because it is rebalancing","logger":"kafka.coordinator.heartbeat","filename":"base.py","lineno":1025}
{"timestamp":"2026-04-10T12:47:05.422849Z","level":"info","event":"Revoking previously assigned partitions set() for group airflow-rss-consumer","logger":"kafka.coordinator.consumer","filename":"consumer.py","lineno":379}
{"timestamp":"2026-04-10T12:47:05.422924Z","level":"info","event":"(Re-)joining group airflow-rss-consumer","logger":"kafka.coordinator","filename":"base.py","lineno":546}
{"timestamp":"2026-04-10T12:47:05.436547Z","level":"info","event":"Successfully joined group airflow-rss-consumer <Generation 21 (member_id: kafka-python-2.3.1-a55b86db-430c-41f6-a28b-bef9e1077889, protocol: range)>","logger":"kafka.coordinator","filename":"base.py","lineno":617}
{"timestamp":"2026-04-10T12:47:05.438182Z","level":"info","event":"Updated partition assignment: []","logger":"kafka.consumer.subscription_state","filename":"subscription_state.py","lineno":254}
{"timestamp":"2026-04-10T12:47:05.438266Z","level":"info","event":"Setting newly assigned partitions set() for group airflow-rss-consumer","logger":"kafka.coordinator.consumer","filename":"consumer.py","lineno":260}
{"timestamp":"2026-04-10T12:48:05.467766Z","level":"warning","event":"Heartbeat failed for group airflow-rss-consumer because it is rebalancing","logger":"kafka.coordinator.heartbeat","filename":"base.py","lineno":1025}
{"timestamp":"2026-04-10T12:48:05.468375Z","level":"info","event":"Revoking previously assigned partitions set() for group airflow-rss-consumer","logger":"kafka.coordinator.consumer","filename":"consumer.py","lineno":379}
{"timestamp":"2026-04-10T12:48:05.468492Z","level":"info","event":"(Re-)joining group airflow-rss-consumer","logger":"kafka.coordinator","filename":"base.py","lineno":546}
{"timestamp":"2026-04-10T12:48:05.690918Z","level":"info","event":"Successfully joined group airflow-rss-consumer <Generation 22 (member_id: kafka-python-2.3.1-a55b86db-430c-41f6-a28b-bef9e1077889, protocol: range)>","logger":"kafka.coordinator","filename":"base.py","lineno":617}
{"timestamp":"2026-04-10T12:48:05.693225Z","level":"info","event":"Updated partition assignment: []","logger":"kafka.consumer.subscription_state","filename":"subscription_state.py","lineno":254}
{"timestamp":"2026-04-10T12:48:05.693314Z","level":"info","event":"Setting newly assigned partitions set() for group airflow-rss-consumer","logger":"kafka.coordinator.consumer","filename":"consumer.py","lineno":260}
{"timestamp":"2026-04-10T12:49:05.756544Z","level":"warning","event":"Heartbeat failed for group airflow-rss-consumer because it is rebalancing","logger":"kafka.coordinator.heartbeat","filename":"base.py","lineno":1025}
{"timestamp":"2026-04-10T12:49:05.757927Z","level":"info","event":"Revoking previously assigned partitions set() for group airflow-rss-consumer","logger":"kafka.coordinator.consumer","filename":"consumer.py","lineno":379}
{"timestamp":"2026-04-10T12:49:05.758202Z","level":"info","event":"(Re-)joining group airflow-rss-consumer","logger":"kafka.coordinator","filename":"base.py","lineno":546}
{"timestamp":"2026-04-10T12:49:05.896160Z","level":"info","event":"Successfully joined group airflow-rss-consumer <Generation 23 (member_id: kafka-python-2.3.1-a55b86db-430c-41f6-a28b-bef9e1077889, protocol: range)>","logger":"kafka.coordinator","filename":"base.py","lineno":617}
{"timestamp":"2026-04-10T12:49:05.899281Z","level":"info","event":"Updated partition assignment: []","logger":"kafka.consumer.subscription_state","filename":"subscription_state.py","lineno":254}
{"timestamp":"2026-04-10T12:49:05.899684Z","level":"info","event":"Setting newly assigned partitions set() for group airflow-rss-consumer","logger":"kafka.coordinator.consumer","filename":"consumer.py","lineno":260}
