{"timestamp":"2026-04-10T12:38:00.932837Z","level":"warning","event":"The `airflow.hooks.base.BaseHook` attribute is deprecated. Please use `'airflow.sdk.bases.hook.BaseHook'`.","category":"DeprecatedImportWarning","filename":"/opt/airflow/plugins/hooks/minio_hook.py","lineno":1,"logger":"py.warnings"}
{"timestamp":"2026-04-10T12:38:01.021750Z","level":"warning","event":"The `airflow.hooks.base.BaseHook` attribute is deprecated. Please use `'airflow.sdk.bases.hook.BaseHook'`.","category":"DeprecatedImportWarning","filename":"/opt/airflow/plugins/hooks/minio_hook.py","lineno":1,"logger":"py.warnings"}
{"timestamp":"2026-04-10T12:38:01.025161Z","level":"info","event":"DAG bundles loaded: dags-folder","logger":"airflow.dag_processing.bundles.manager.DagBundlesManager","filename":"manager.py","lineno":209}
{"timestamp":"2026-04-10T12:38:01.025605Z","level":"info","event":"Filling up the DagBag from /opt/airflow/dags/read_rss.py","logger":"airflow.dag_processing.dagbag.BundleDagBag","filename":"dagbag.py","lineno":469}
{"timestamp":"2026-04-10T12:38:01.029470Z","level":"warning","event":"The `airflow.operators.python.PythonOperator` attribute is deprecated. Please use `'airflow.providers.standard.operators.python.PythonOperator'`.","category":"UserWarning","filename":"/opt/airflow/dags/read_rss.py","lineno":3,"logger":"py.warnings"}
{"timestamp":"2026-04-10T12:38:01.035342Z","level":"info","event":"<BrokerConnection client_id=kafka-python-2.3.1, node_id=bootstrap-0 host=kafka:29092 <connecting> [IPv4 ('172.18.0.5', 29092)]>: connecting to kafka:29092 [('172.18.0.5', 29092) IPv4]","logger":"kafka.conn","filename":"conn.py","lineno":400}
{"timestamp":"2026-04-10T12:38:01.043875Z","level":"info","event":"<BrokerConnection client_id=kafka-python-2.3.1, node_id=bootstrap-0 host=kafka:29092 <checking_api_versions_recv> [IPv4 ('172.18.0.5', 29092)]>: Broker version identified as 2.6","logger":"kafka.conn","filename":"conn.py","lineno":622}
{"timestamp":"2026-04-10T12:38:01.044234Z","level":"info","event":"<BrokerConnection client_id=kafka-python-2.3.1, node_id=bootstrap-0 host=kafka:29092 <connected> [IPv4 ('172.18.0.5', 29092)]>: Connection complete.","logger":"kafka.conn","filename":"conn.py","lineno":461}
{"timestamp":"2026-04-10T12:38:01.044579Z","level":"info","event":"Updating subscribed topics to: ('articles',)","logger":"kafka.consumer.subscription_state","filename":"subscription_state.py","lineno":181}
{"timestamp":"2026-04-10T12:38:01.047778Z","level":"info","event":"<BrokerConnection client_id=kafka-python-2.3.1, node_id=1 host=kafka:29092 <connecting> [IPv4 ('172.18.0.5', 29092)]>: connecting to kafka:29092 [('172.18.0.5', 29092) IPv4]","logger":"kafka.conn","filename":"conn.py","lineno":400}
{"timestamp":"2026-04-10T12:38:01.047961Z","level":"info","event":"<BrokerConnection client_id=kafka-python-2.3.1, node_id=1 host=kafka:29092 <connected> [IPv4 ('172.18.0.5', 29092)]>: Connection complete.","logger":"kafka.conn","filename":"conn.py","lineno":461}
{"timestamp":"2026-04-10T12:38:01.048028Z","level":"info","event":"<BrokerConnection client_id=kafka-python-2.3.1, node_id=bootstrap-0 host=kafka:29092 <connected> [IPv4 ('172.18.0.5', 29092)]>: Closing connection. ","logger":"kafka.conn","filename":"conn.py","lineno":951}
{"timestamp":"2026-04-10T12:38:01.150898Z","level":"info","event":"Coordinator for group/airflow-rss-consumer is BrokerMetadata(nodeId='coordinator-1', host='kafka', port=29092, rack=None)","logger":"kafka.cluster","filename":"cluster.py","lineno":403}
{"timestamp":"2026-04-10T12:38:01.151013Z","level":"info","event":"Discovered coordinator coordinator-1 for group airflow-rss-consumer","logger":"kafka.coordinator","filename":"base.py","lineno":835}
{"timestamp":"2026-04-10T12:38:01.151093Z","level":"info","event":"Starting new heartbeat thread","logger":"kafka.coordinator.heartbeat","filename":"base.py","lineno":895}
{"timestamp":"2026-04-10T12:38:01.151586Z","level":"info","event":"Revoking previously assigned partitions set() for group airflow-rss-consumer","logger":"kafka.coordinator.consumer","filename":"consumer.py","lineno":379}
{"timestamp":"2026-04-10T12:38:01.151694Z","level":"info","event":"Failed to join group airflow-rss-consumer: NodeNotReadyError: coordinator-1","logger":"kafka.coordinator","filename":"base.py","lineno":433}
{"timestamp":"2026-04-10T12:38:01.152206Z","level":"info","event":"<BrokerConnection client_id=kafka-python-2.3.1, node_id=coordinator-1 host=kafka:29092 <connecting> [IPv4 ('172.18.0.5', 29092)]>: connecting to kafka:29092 [('172.18.0.5', 29092) IPv4]","logger":"kafka.conn","filename":"conn.py","lineno":400}
{"timestamp":"2026-04-10T12:38:01.152434Z","level":"info","event":"<BrokerConnection client_id=kafka-python-2.3.1, node_id=coordinator-1 host=kafka:29092 <connected> [IPv4 ('172.18.0.5', 29092)]>: Connection complete.","logger":"kafka.conn","filename":"conn.py","lineno":461}
{"timestamp":"2026-04-10T12:38:01.256199Z","level":"info","event":"(Re-)joining group airflow-rss-consumer","logger":"kafka.coordinator","filename":"base.py","lineno":546}
{"timestamp":"2026-04-10T12:38:01.258073Z","level":"info","event":"Received member id kafka-python-2.3.1-8e2bdc8d-dfd4-4241-a198-b0c0782301a2 for group airflow-rss-consumer; will retry join-group","logger":"kafka.coordinator","filename":"base.py","lineno":661}
{"timestamp":"2026-04-10T12:38:01.258148Z","level":"info","event":"Failed to join group airflow-rss-consumer: [Error 79] MemberIdRequiredError","logger":"kafka.coordinator","filename":"base.py","lineno":433}
{"timestamp":"2026-04-10T12:38:01.258219Z","level":"info","event":"(Re-)joining group airflow-rss-consumer","logger":"kafka.coordinator","filename":"base.py","lineno":546}
{"timestamp":"2026-04-10T12:38:04.263705Z","level":"info","event":"Successfully joined group airflow-rss-consumer <Generation 13 (member_id: kafka-python-2.3.1-8e2bdc8d-dfd4-4241-a198-b0c0782301a2, protocol: range)>","logger":"kafka.coordinator","filename":"base.py","lineno":617}
{"timestamp":"2026-04-10T12:38:04.264078Z","level":"info","event":"Elected group leader -- performing partition assignments using range","logger":"kafka.coordinator","filename":"base.py","lineno":619}
{"timestamp":"2026-04-10T12:38:04.269586Z","level":"info","event":"Updated partition assignment: [TopicPartition(topic='articles', partition=0)]","logger":"kafka.consumer.subscription_state","filename":"subscription_state.py","lineno":254}
{"timestamp":"2026-04-10T12:38:04.269848Z","level":"info","event":"Setting newly assigned partitions {TopicPartition(topic='articles', partition=0)} for group airflow-rss-consumer","logger":"kafka.coordinator.consumer","filename":"consumer.py","lineno":260}
{"timestamp":"2026-04-10T12:38:04.276549Z","level":"info","event":"Article reçu: Heavy agree after away instead nothing technology team.","logger":"airflow.task.operators.operators.rss_consumer.RSSArticleConsumerOperator","filename":"rss_consumer.py","lineno":53}
{"timestamp":"2026-04-10T12:38:04.276705Z","level":"info","event":"Article reçu: Ground seven spring season opportunity.","logger":"airflow.task.operators.operators.rss_consumer.RSSArticleConsumerOperator","filename":"rss_consumer.py","lineno":53}
{"timestamp":"2026-04-10T12:38:04.276783Z","level":"info","event":"Article reçu: Wonder where future throughout few soldier hour.","logger":"airflow.task.operators.operators.rss_consumer.RSSArticleConsumerOperator","filename":"rss_consumer.py","lineno":53}
{"timestamp":"2026-04-10T12:38:24.278357Z","level":"warning","event":"Heartbeat failed for group airflow-rss-consumer because it is rebalancing","logger":"kafka.coordinator.heartbeat","filename":"base.py","lineno":1025}
{"timestamp":"2026-04-10T12:38:24.280342Z","level":"info","event":"Revoking previously assigned partitions {TopicPartition(topic='articles', partition=0)} for group airflow-rss-consumer","logger":"kafka.coordinator.consumer","filename":"consumer.py","lineno":379}
{"timestamp":"2026-04-10T12:38:24.280489Z","level":"info","event":"(Re-)joining group airflow-rss-consumer","logger":"kafka.coordinator","filename":"base.py","lineno":546}
{"timestamp":"2026-04-10T12:38:24.282892Z","level":"info","event":"Successfully joined group airflow-rss-consumer <Generation 14 (member_id: kafka-python-2.3.1-8e2bdc8d-dfd4-4241-a198-b0c0782301a2, protocol: range)>","logger":"kafka.coordinator","filename":"base.py","lineno":617}
{"timestamp":"2026-04-10T12:38:24.282967Z","level":"info","event":"Elected group leader -- performing partition assignments using range","logger":"kafka.coordinator","filename":"base.py","lineno":619}
{"timestamp":"2026-04-10T12:38:24.285790Z","level":"info","event":"Updated partition assignment: [TopicPartition(topic='articles', partition=0)]","logger":"kafka.consumer.subscription_state","filename":"subscription_state.py","lineno":254}
{"timestamp":"2026-04-10T12:38:24.285945Z","level":"info","event":"Setting newly assigned partitions {TopicPartition(topic='articles', partition=0)} for group airflow-rss-consumer","logger":"kafka.coordinator.consumer","filename":"consumer.py","lineno":260}
{"timestamp":"2026-04-10T12:39:04.570138Z","level":"warning","event":"Heartbeat failed for group airflow-rss-consumer because it is rebalancing","logger":"kafka.coordinator.heartbeat","filename":"base.py","lineno":1025}
{"timestamp":"2026-04-10T12:39:04.578780Z","level":"info","event":"Revoking previously assigned partitions {TopicPartition(topic='articles', partition=0)} for group airflow-rss-consumer","logger":"kafka.coordinator.consumer","filename":"consumer.py","lineno":379}
{"timestamp":"2026-04-10T12:39:04.579287Z","level":"info","event":"(Re-)joining group airflow-rss-consumer","logger":"kafka.coordinator","filename":"base.py","lineno":546}
{"timestamp":"2026-04-10T12:39:04.583930Z","level":"info","event":"Successfully joined group airflow-rss-consumer <Generation 15 (member_id: kafka-python-2.3.1-8e2bdc8d-dfd4-4241-a198-b0c0782301a2, protocol: range)>","logger":"kafka.coordinator","filename":"base.py","lineno":617}
{"timestamp":"2026-04-10T12:39:04.584105Z","level":"info","event":"Elected group leader -- performing partition assignments using range","logger":"kafka.coordinator","filename":"base.py","lineno":619}
{"timestamp":"2026-04-10T12:39:04.597131Z","level":"info","event":"Updated partition assignment: []","logger":"kafka.consumer.subscription_state","filename":"subscription_state.py","lineno":254}
{"timestamp":"2026-04-10T12:39:04.600003Z","level":"info","event":"Setting newly assigned partitions set() for group airflow-rss-consumer","logger":"kafka.coordinator.consumer","filename":"consumer.py","lineno":260}
{"timestamp":"2026-04-10T12:40:04.687706Z","level":"warning","event":"Heartbeat failed for group airflow-rss-consumer because it is rebalancing","logger":"kafka.coordinator.heartbeat","filename":"base.py","lineno":1025}
{"timestamp":"2026-04-10T12:40:04.689001Z","level":"info","event":"Revoking previously assigned partitions set() for group airflow-rss-consumer","logger":"kafka.coordinator.consumer","filename":"consumer.py","lineno":379}
{"timestamp":"2026-04-10T12:40:04.689251Z","level":"info","event":"(Re-)joining group airflow-rss-consumer","logger":"kafka.coordinator","filename":"base.py","lineno":546}
{"timestamp":"2026-04-10T12:40:04.781264Z","level":"info","event":"Successfully joined group airflow-rss-consumer <Generation 16 (member_id: kafka-python-2.3.1-8e2bdc8d-dfd4-4241-a198-b0c0782301a2, protocol: range)>","logger":"kafka.coordinator","filename":"base.py","lineno":617}
{"timestamp":"2026-04-10T12:40:04.781372Z","level":"info","event":"Elected group leader -- performing partition assignments using range","logger":"kafka.coordinator","filename":"base.py","lineno":619}
{"timestamp":"2026-04-10T12:40:04.782864Z","level":"info","event":"Updated partition assignment: []","logger":"kafka.consumer.subscription_state","filename":"subscription_state.py","lineno":254}
{"timestamp":"2026-04-10T12:40:04.782957Z","level":"info","event":"Setting newly assigned partitions set() for group airflow-rss-consumer","logger":"kafka.coordinator.consumer","filename":"consumer.py","lineno":260}
{"timestamp":"2026-04-10T12:41:04.843455Z","level":"warning","event":"Heartbeat failed for group airflow-rss-consumer because it is rebalancing","logger":"kafka.coordinator.heartbeat","filename":"base.py","lineno":1025}
{"timestamp":"2026-04-10T12:41:04.845007Z","level":"info","event":"Revoking previously assigned partitions set() for group airflow-rss-consumer","logger":"kafka.coordinator.consumer","filename":"consumer.py","lineno":379}
{"timestamp":"2026-04-10T12:41:04.845219Z","level":"info","event":"(Re-)joining group airflow-rss-consumer","logger":"kafka.coordinator","filename":"base.py","lineno":546}
{"timestamp":"2026-04-10T12:41:05.041840Z","level":"info","event":"Successfully joined group airflow-rss-consumer <Generation 17 (member_id: kafka-python-2.3.1-8e2bdc8d-dfd4-4241-a198-b0c0782301a2, protocol: range)>","logger":"kafka.coordinator","filename":"base.py","lineno":617}
{"timestamp":"2026-04-10T12:41:05.041989Z","level":"info","event":"Elected group leader -- performing partition assignments using range","logger":"kafka.coordinator","filename":"base.py","lineno":619}
{"timestamp":"2026-04-10T12:41:05.046842Z","level":"info","event":"Updated partition assignment: []","logger":"kafka.consumer.subscription_state","filename":"subscription_state.py","lineno":254}
{"timestamp":"2026-04-10T12:41:05.047071Z","level":"info","event":"Setting newly assigned partitions set() for group airflow-rss-consumer","logger":"kafka.coordinator.consumer","filename":"consumer.py","lineno":260}
{"timestamp":"2026-04-10T12:42:05.152970Z","level":"warning","event":"Heartbeat failed for group airflow-rss-consumer because it is rebalancing","logger":"kafka.coordinator.heartbeat","filename":"base.py","lineno":1025}
{"timestamp":"2026-04-10T12:42:05.153516Z","level":"info","event":"Revoking previously assigned partitions set() for group airflow-rss-consumer","logger":"kafka.coordinator.consumer","filename":"consumer.py","lineno":379}
{"timestamp":"2026-04-10T12:42:05.153616Z","level":"info","event":"(Re-)joining group airflow-rss-consumer","logger":"kafka.coordinator","filename":"base.py","lineno":546}
{"timestamp":"2026-04-10T12:42:05.155230Z","level":"info","event":"Successfully joined group airflow-rss-consumer <Generation 18 (member_id: kafka-python-2.3.1-8e2bdc8d-dfd4-4241-a198-b0c0782301a2, protocol: range)>","logger":"kafka.coordinator","filename":"base.py","lineno":617}
{"timestamp":"2026-04-10T12:42:05.155355Z","level":"info","event":"Elected group leader -- performing partition assignments using range","logger":"kafka.coordinator","filename":"base.py","lineno":619}
{"timestamp":"2026-04-10T12:42:05.157382Z","level":"info","event":"Updated partition assignment: []","logger":"kafka.consumer.subscription_state","filename":"subscription_state.py","lineno":254}
{"timestamp":"2026-04-10T12:42:05.157508Z","level":"info","event":"Setting newly assigned partitions set() for group airflow-rss-consumer","logger":"kafka.coordinator.consumer","filename":"consumer.py","lineno":260}
{"timestamp":"2026-04-10T12:44:05.263401Z","level":"warning","event":"Heartbeat failed for group airflow-rss-consumer because it is rebalancing","logger":"kafka.coordinator.heartbeat","filename":"base.py","lineno":1025}
{"timestamp":"2026-04-10T12:44:05.265403Z","level":"info","event":"Revoking previously assigned partitions set() for group airflow-rss-consumer","logger":"kafka.coordinator.consumer","filename":"consumer.py","lineno":379}
{"timestamp":"2026-04-10T12:44:05.265798Z","level":"info","event":"(Re-)joining group airflow-rss-consumer","logger":"kafka.coordinator","filename":"base.py","lineno":546}
{"timestamp":"2026-04-10T12:44:05.301006Z","level":"info","event":"Successfully joined group airflow-rss-consumer <Generation 19 (member_id: kafka-python-2.3.1-8e2bdc8d-dfd4-4241-a198-b0c0782301a2, protocol: range)>","logger":"kafka.coordinator","filename":"base.py","lineno":617}
{"timestamp":"2026-04-10T12:44:05.301179Z","level":"info","event":"Elected group leader -- performing partition assignments using range","logger":"kafka.coordinator","filename":"base.py","lineno":619}
{"timestamp":"2026-04-10T12:44:05.304775Z","level":"info","event":"Updated partition assignment: []","logger":"kafka.consumer.subscription_state","filename":"subscription_state.py","lineno":254}
{"timestamp":"2026-04-10T12:44:05.305066Z","level":"info","event":"Setting newly assigned partitions set() for group airflow-rss-consumer","logger":"kafka.coordinator.consumer","filename":"consumer.py","lineno":260}
{"timestamp":"2026-04-10T12:46:55.394353Z","level":"warning","event":"Heartbeat failed for group airflow-rss-consumer because it is rebalancing","logger":"kafka.coordinator.heartbeat","filename":"base.py","lineno":1025}
{"timestamp":"2026-04-10T12:46:55.395917Z","level":"info","event":"Revoking previously assigned partitions set() for group airflow-rss-consumer","logger":"kafka.coordinator.consumer","filename":"consumer.py","lineno":379}
{"timestamp":"2026-04-10T12:46:55.396191Z","level":"info","event":"(Re-)joining group airflow-rss-consumer","logger":"kafka.coordinator","filename":"base.py","lineno":546}
{"timestamp":"2026-04-10T12:46:55.413924Z","level":"info","event":"Successfully joined group airflow-rss-consumer <Generation 20 (member_id: kafka-python-2.3.1-8e2bdc8d-dfd4-4241-a198-b0c0782301a2, protocol: range)>","logger":"kafka.coordinator","filename":"base.py","lineno":617}
{"timestamp":"2026-04-10T12:46:55.414069Z","level":"info","event":"Elected group leader -- performing partition assignments using range","logger":"kafka.coordinator","filename":"base.py","lineno":619}
{"timestamp":"2026-04-10T12:46:55.418946Z","level":"info","event":"Updated partition assignment: []","logger":"kafka.consumer.subscription_state","filename":"subscription_state.py","lineno":254}
{"timestamp":"2026-04-10T12:46:55.419427Z","level":"info","event":"Setting newly assigned partitions set() for group airflow-rss-consumer","logger":"kafka.coordinator.consumer","filename":"consumer.py","lineno":260}
{"timestamp":"2026-04-10T12:47:00.424532Z","level":"info","event":"Revoking previously assigned partitions set() for group airflow-rss-consumer","logger":"kafka.coordinator.consumer","filename":"consumer.py","lineno":379}
{"timestamp":"2026-04-10T12:47:00.424825Z","level":"info","event":"(Re-)joining group airflow-rss-consumer","logger":"kafka.coordinator","filename":"base.py","lineno":546}
{"timestamp":"2026-04-10T12:47:05.436604Z","level":"info","event":"Successfully joined group airflow-rss-consumer <Generation 21 (member_id: kafka-python-2.3.1-8e2bdc8d-dfd4-4241-a198-b0c0782301a2, protocol: range)>","logger":"kafka.coordinator","filename":"base.py","lineno":617}
{"timestamp":"2026-04-10T12:47:05.436688Z","level":"info","event":"Elected group leader -- performing partition assignments using range","logger":"kafka.coordinator","filename":"base.py","lineno":619}
{"timestamp":"2026-04-10T12:47:05.438663Z","level":"info","event":"Updated partition assignment: []","logger":"kafka.consumer.subscription_state","filename":"subscription_state.py","lineno":254}
{"timestamp":"2026-04-10T12:47:05.438739Z","level":"info","event":"Setting newly assigned partitions set() for group airflow-rss-consumer","logger":"kafka.coordinator.consumer","filename":"consumer.py","lineno":260}
{"timestamp":"2026-04-10T12:48:05.487409Z","level":"warning","event":"Heartbeat failed for group airflow-rss-consumer because it is rebalancing","logger":"kafka.coordinator.heartbeat","filename":"base.py","lineno":1025}
{"timestamp":"2026-04-10T12:48:05.487977Z","level":"info","event":"Revoking previously assigned partitions set() for group airflow-rss-consumer","logger":"kafka.coordinator.consumer","filename":"consumer.py","lineno":379}
{"timestamp":"2026-04-10T12:48:05.488065Z","level":"info","event":"(Re-)joining group airflow-rss-consumer","logger":"kafka.coordinator","filename":"base.py","lineno":546}
{"timestamp":"2026-04-10T12:48:05.691022Z","level":"info","event":"Successfully joined group airflow-rss-consumer <Generation 22 (member_id: kafka-python-2.3.1-8e2bdc8d-dfd4-4241-a198-b0c0782301a2, protocol: range)>","logger":"kafka.coordinator","filename":"base.py","lineno":617}
{"timestamp":"2026-04-10T12:48:05.691101Z","level":"info","event":"Elected group leader -- performing partition assignments using range","logger":"kafka.coordinator","filename":"base.py","lineno":619}
{"timestamp":"2026-04-10T12:48:05.693442Z","level":"info","event":"Updated partition assignment: []","logger":"kafka.consumer.subscription_state","filename":"subscription_state.py","lineno":254}
{"timestamp":"2026-04-10T12:48:05.693728Z","level":"info","event":"Setting newly assigned partitions set() for group airflow-rss-consumer","logger":"kafka.coordinator.consumer","filename":"consumer.py","lineno":260}
{"timestamp":"2026-04-10T12:49:05.746341Z","level":"warning","event":"Heartbeat failed for group airflow-rss-consumer because it is rebalancing","logger":"kafka.coordinator.heartbeat","filename":"base.py","lineno":1025}
{"timestamp":"2026-04-10T12:49:05.747884Z","level":"info","event":"Revoking previously assigned partitions set() for group airflow-rss-consumer","logger":"kafka.coordinator.consumer","filename":"consumer.py","lineno":379}
{"timestamp":"2026-04-10T12:49:05.748181Z","level":"info","event":"(Re-)joining group airflow-rss-consumer","logger":"kafka.coordinator","filename":"base.py","lineno":546}
{"timestamp":"2026-04-10T12:49:05.896423Z","level":"info","event":"Successfully joined group airflow-rss-consumer <Generation 23 (member_id: kafka-python-2.3.1-8e2bdc8d-dfd4-4241-a198-b0c0782301a2, protocol: range)>","logger":"kafka.coordinator","filename":"base.py","lineno":617}
{"timestamp":"2026-04-10T12:49:05.896536Z","level":"info","event":"Elected group leader -- performing partition assignments using range","logger":"kafka.coordinator","filename":"base.py","lineno":619}
{"timestamp":"2026-04-10T12:49:05.898739Z","level":"info","event":"Updated partition assignment: []","logger":"kafka.consumer.subscription_state","filename":"subscription_state.py","lineno":254}
{"timestamp":"2026-04-10T12:49:05.898903Z","level":"info","event":"Setting newly assigned partitions set() for group airflow-rss-consumer","logger":"kafka.coordinator.consumer","filename":"consumer.py","lineno":260}
